[hagiangopentour.com/index.html]
[backblue.gif]
[fade.gif]
[index.html]
[hagiangopentour.com/template/frontend/js/jquery.min.js]
[hagiangopentour.com/template/backend/img/vietnam.gif]
[hagiangopentour.com/template/backend/img/english.png]
[hagiangopentour.com/template/125px-Flag_of_France.svg.png]
[hagiangopentour.com/gioi-thieu-ve-ha-giang-open-tour.html]
[hagiangopentour.com/tour-ha-giang.html]
[hagiangopentour.com/tour-o-to-ha-giang.html]
[hagiangopentour.com/tour-phuot-xe-may.html]
[hagiangopentour.com/tour-xe-jeep-ha-giang.html]
[hagiangopentour.com/du-lich-ha-giang-3-ngay-4-dem-trai-nghiem-ngu-homestay.html]
[hagiangopentour.com/tour-o-to-tu-lai-caravan-ha-giang.html]
[hagiangopentour.com/tour-ha-giang-hoang-su-phi.html]
[hagiangopentour.com/tour-ha-giang-cao-bang-ban-gioc-ba-be.html]
[hagiangopentour.com/tour-ha-giang-sapa.html]
[hagiangopentour.com/tour-ha-giang-ninh-binh.html]
[hagiangopentour.com/tour-ha-giang-ha-long.html]
[hagiangopentour.com/tour-du-lich-mien-bac.html]
[hagiangopentour.com/tour-mien-bac-1-ngay.html]
[hagiangopentour.com/tour-mien-bac-2-ngay.html]
[hagiangopentour.com/tour-mien-bac-3-ngay.html]
[hagiangopentour.com/tour-mien-bac-4-ngay.html]
[hagiangopentour.com/tour-mien-bac-5-ngay.html]
[hagiangopentour.com/tour-mien-bac-6-ngay.html]
[hagiangopentour.com/tour-du-lich-tay-bac.html]
[hagiangopentour.com/du-lich-sapa.html]
[hagiangopentour.com/tour-mu-cang-chai.html]
[hagiangopentour.com/du-lich-moc-chau.html]
[hagiangopentour.com/tour-du-lich-mai-chau.html]
[hagiangopentour.com/tour-dong-bac.html]
[hagiangopentour.com/du-lich-ha-long.html]
[hagiangopentour.com/du-lich-ninh-binh.html]
[hagiangopentour.com/tour-ba-be-thac-ban-gioc.html]
[hagiangopentour.com/ve-xe-bus-ha-giang-hang-ngay.html]
[hagiangopentour.com/ve-xe-bus-ha-noi-ha-giang.html]
[hagiangopentour.com/ve-xe-bus-ha-giang-ninh-binh.html]
[hagiangopentour.com/ve-xe-bus-ha-giang-ha-noi.html]
[hagiangopentour.com/ve-xe-bus-ha-giang-sapa.html]
[hagiangopentour.com/ve-xe-bus-ha-giang-ha-long.html]
[hagiangopentour.com/ve-xe-bus-ha-giang-hai-phong-cat-ba.html]
[hagiangopentour.com/cho-thue-xe-du-lich-ha-giang.html]
[hagiangopentour.com/cho-thue-xe-o-to.html]
[hagiangopentour.com/cho-thue-xe-may.html]
[hagiangopentour.com/lien-he-tu-van-mien-phi.html]
[hagiangopentour.com/trai-nghiem-ngu-homestay.html]
[hagiangopentour.com/cho-thue-xe-jeep-tour-ha-giang.html]
[hagiangopentour.com/cho-thue-xe-may-tai-ha-giang-gia-re.8a.delayed]
[hagiangopentour.com/cho-thue-xe-may-cao-cao-tai-ha-giang.8b.delayed]
[hagiangopentour.com/cho-thue-xe-o-to-4-cho-du-lich-ha-giang.8c.delayed]
[hagiangopentour.com/cho-thue-xe-o-to-7-cho-du-lich-ha-giang.8d.delayed]
[hagiangopentour.com/cho-thue-xe-tour-ha-giang-16-cho-2n1d-3n2d.8e.delayed]
[hagiangopentour.com/cho-thue-xe-tour-ha-giang-29-cho-2n1d-3n2d.8f.delayed]
[hagiangopentour.com/cho-thue-xe-limousine-ha-noi-di-ha-giang.90.delayed]
[hagiangopentour.com/cho-thue-xe-29-45-cho-tu-ha-noi-di-ha-giang.91.delayed]
[hagiangopentour.com/xe-limousine-ha-giang-ha-noi.92.delayed]
[hagiangopentour.com/xe-giuong-nam-ha-noi-ha-giang.93.delayed]
[hagiangopentour.com/ve-xe-limousine-ha-noi-ha-giang.94.delayed]
[hagiangopentour.com/xe-cung-dien-ha-giang.95.delayed]
[hagiangopentour.com/upload/.thumbs/images/logo-doi-tac/lolo.png]
[hagiangopentour.com/upload/.thumbs/images/logo-doi-tac/log-doi-tac-cheers.jpg]
[hagiangopentour.com/www.hagiangepictour.com/vn]
[hagiangopentour.com/upload/.thumbs/images/logo-doi-tac/log-doi-tac-epic.jpg]
[hagiangopentour.com/upload/.thumbs/images/logo-doi-tac/log-doi-tac-may.jpg]
[hagiangopentour.com/template/frontend/js/bootstrap.min.js]
[hagiangopentour.com/template/frontend/js/owl.carousel.min.js]
[hagiangopentour.com/template/frontend/js/wow.min.js]
[hagiangopentour.com/template/frontend/js/hc-offcanvas-nav9b70.js]
[hagiangopentour.com/template/frontend/js/main.js]
[hagiangopentour.com/template/backend/js/plugins/toastr/toastr.min.js]
[hagiangopentour.com/template/acore/js/core.js]
[hagiangopentour.com/index.html]
[hagiangopentour.com/template/frontend/fonts/glyphicons-halflings-regular.eot]
[hagiangopentour.com/template/frontend/fonts/glyphicons-halflings-regulard41d.eot]
[hagiangopentour.com/template/frontend/fonts/glyphicons-halflings-regular.woff]
[hagiangopentour.com/template/frontend/fonts/glyphicons-halflings-regular.ttf]
[hagiangopentour.com/template/frontend/fonts/glyphicons-halflings-regular.svg]
[hagiangopentour.com/template/frontend/css/bootstrap.min.css]
[hagiangopentour.com/template/frontend/fonts/fontawesome-webfont93e3.eot]
[hagiangopentour.com/template/frontend/fonts/fontawesome-webfontd41d.eot]
[hagiangopentour.com/template/frontend/fonts/fontawesome-webfont93e3.woff]
[hagiangopentour.com/template/frontend/fonts/fontawesome-webfont93e3.ttf]
[hagiangopentour.com/template/frontend/fonts/fontawesome-webfont93e3.svg]
[hagiangopentour.com/template/frontend/css/font-awesome.min.css]
[hagiangopentour.com/template/frontend/css/owl.carousel.min.css]
[hagiangopentour.com/template/frontend/css/owl.theme.default.css]
[hagiangopentour.com/template/frontend/fonts/UTM EdwardianB.ttf]
[hagiangopentour.com/template/frontend/fonts/UTM AvoBold.ttf]
[hagiangopentour.com/template/frontend/images/icon_hotline.png]
[hagiangopentour.com/template/frontend/css/style.css]
[hagiangopentour.com/template/frontend/css/animate.css]
[hagiangopentour.com/template/frontend/css/responsive.css]
[hagiangopentour.com/template/frontend/css/demo9b70.css]
[hagiangopentour.com/indexe358.html]
[hagiangopentour.com/gioi-thieu-ve-ha-giang-open-tour.html]
[hagiangopentour.com/tour-ha-giang.html]
[hagiangopentour.com/tour-o-to-ha-giang.html]
[hagiangopentour.com/tour-phuot-xe-may.html]
[hagiangopentour.com/tour-xe-jeep-ha-giang.html]
[hagiangopentour.com/dat-tour0055.html]
[hagiangopentour.com/du-lich-ha-giang-3-ngay-4-dem-trai-nghiem-ngu-homestay.html]
[hagiangopentour.com/dat-tour1e35.html]
[hagiangopentour.com/tour-o-to-tu-lai-caravan-ha-giang.html]
[hagiangopentour.com/tour-ha-giang-hoang-su-phi.html]
[hagiangopentour.com/tour-ha-giang-cao-bang-ban-gioc-ba-be.html]
[hagiangopentour.com/tour-ha-giang-sapa.html]
[hagiangopentour.com/tour-ha-giang-ninh-binh.html]
[hagiangopentour.com/tour-ha-giang-ha-long.html]
[hagiangopentour.com/tour-du-lich-mien-bac.html]
[hagiangopentour.com/tour-mien-bac-1-ngay.html]
[hagiangopentour.com/tour-mien-bac-2-ngay.html]
[hagiangopentour.com/tour-mien-bac-3-ngay.html]
[hagiangopentour.com/tour-mien-bac-4-ngay.html]
[hagiangopentour.com/tour-mien-bac-5-ngay.html]
[hagiangopentour.com/tour-mien-bac-6-ngay.html]
[hagiangopentour.com/tour-du-lich-tay-bac.html]
[hagiangopentour.com/du-lich-sapa.html]
[hagiangopentour.com/tour-mu-cang-chai.html]
[hagiangopentour.com/du-lich-moc-chau.html]
[hagiangopentour.com/tour-du-lich-mai-chau.html]
[hagiangopentour.com/tour-dong-bac.html]
[hagiangopentour.com/du-lich-ha-long.html]
[hagiangopentour.com/du-lich-ninh-binh.html]
[hagiangopentour.com/tour-ba-be-thac-ban-gioc.html]
[hagiangopentour.com/du-lich-mien-bac.html]
[hagiangopentour.com/ve-xe-bus-ha-giang-hang-ngay.html]
[hagiangopentour.com/ve-xe-bus-ha-noi-ha-giang.html]
[hagiangopentour.com/ve-xe-bus-ha-giang-ninh-binh.html]
[hagiangopentour.com/ve-xe-cung-dien-ha-giang.html]
[hagiangopentour.com/ve-xe-bus-ha-giang-ha-noi.html]
[hagiangopentour.com/ve-xe-bus-ha-giang-sapa.html]
[hagiangopentour.com/ve-xe-bus-ha-giang-ha-long.html]
[hagiangopentour.com/ve-xe-bus-ha-giang-hai-phong-cat-ba.html]
[hagiangopentour.com/cho-thue-xe-du-lich-ha-giang.html]
[hagiangopentour.com/cho-thue-xe-o-to.html]
[hagiangopentour.com/cho-thue-xe-may.html]
[hagiangopentour.com/lien-he-tu-van-mien-phi.html]
[hagiangopentour.com/en/index2912.html]
[hagiangopentour.com/fr/indexf9ca.html]
[hagiangopentour.com/en/index.html]
[hagiangopentour.com/fr/index.html]
[hagiangopentour.com/trai-nghiem-ngu-homestay.html]
[hagiangopentour.com/tour-ha-giang-noi-bat.html]
[hagiangopentour.com/www.hagiangepictour.com/vn.html]
[hagiangopentour.com/Instagram.html]
[hagiangopentour.com/G-Q9CCW6K72H.html]
[hagiangopentour.com/Youtube.html]
[hagiangopentour.com/template/frontend/fonts/glyphicons-halflings-regular.html]
[hagiangopentour.com/template/frontend/fonts/glyphicons-halflings-regulard41d.html]
[hagiangopentour.com/template/frontend/fonts/glyphicons-halflings-regular-2.html]
[hagiangopentour.com/template/frontend/fonts/glyphicons-halflings-regular-3.html]
[hagiangopentour.com/template/frontend/fonts/glyphicons-halflings-regular-4.html]
[hagiangopentour.com/template/frontend/fonts/fontawesome-webfont93e3.html]
[hagiangopentour.com/template/frontend/fonts/fontawesome-webfontd41d.html]
[hagiangopentour.com/template/frontend/fonts/fontawesome-webfont93e3-2.html]
[hagiangopentour.com/template/frontend/fonts/fontawesome-webfont93e3-3.html]
[hagiangopentour.com/template/frontend/fonts/fontawesome-webfont93e3-4.html]
[hagiangopentour.com/template/frontend/fonts/fontawesome-webfont93e3-5.html]
[hagiangopentour.com/template/frontend/css/owl.video.play.html]
[hagiangopentour.com/.html]
[hagiangopentour.com/b6f4.html]
[hagiangopentour.com/d055.html]
[hagiangopentour.com/cho-thue-xe-jeep-tour-ha-giang.html]
[hagiangopentour.com/introduction-to-ha-giang-open-tour.html]
[hagiangopentour.com/ha-giang-tour.html]
[hagiangopentour.com/ha-giang-loop-car.html]
[hagiangopentour.com/ha-giang-loop-motorbike.html]
[hagiangopentour.com/ha-giang-loop-jeep-tour.html]
[hagiangopentour.com/ha-giang-hoang-su-phi.html]
[hagiangopentour.com/ha-giang-sapa.html]
[hagiangopentour.com/ha-giang-ban-gioc-waterfall-ba-be-lake.html]
[hagiangopentour.com/ha-giang-ha-long-bay.html]
[hagiangopentour.com/ha-giang-ninh-binh.html]
[hagiangopentour.com/ha-giang-mu-cang-chai.html]
[hagiangopentour.com/north-vietnam-packages-tour.html]
[hagiangopentour.com/1-day-packages.html]
[hagiangopentour.com/2-days-packages.html]
[hagiangopentour.com/3-days-packages.html]
[hagiangopentour.com/4-days-packages.html]
[hagiangopentour.com/5-days-packages.html]
[hagiangopentour.com/6-days-packages.html]
[hagiangopentour.com/7-days-packages.html]
[hagiangopentour.com/ha-long-bay.html]
[hagiangopentour.com/sapa.html]
[hagiangopentour.com/ninh-binh.html]
[hagiangopentour.com/ha-noi.html]
[hagiangopentour.com/ha-giang-daily-bus-ticket.html]
[hagiangopentour.com/ha-giang-cars-motorbike-for-rent.html]
[hagiangopentour.com/privacy-policy.html]
[hagiangopentour.com/payments.html]
[hagiangopentour.com/policy-book-cancel-tickets.html]
[hagiangopentour.com/travel-experiences.html]
[hagiangopentour.com/dat-tour0055.html]
[hagiangopentour.com/du-lich-ha-giang-2-ngay-3-dem-bang-o-to.html]
[hagiangopentour.com/dat-tour1e35.html]
[hagiangopentour.com/tour-tay-bac.html]
[hagiangopentour.com/ve-xe-cung-dien-ha-giang.html]
[hagiangopentour.com/en/introduction-to-ha-giang-open-tour.html]
[hagiangopentour.com/en/ha-giang-tour.html]
[hagiangopentour.com/en/ha-giang-loop-car.html]
[hagiangopentour.com/en/ha-giang-loop-motorbike.html]
[hagiangopentour.com/en/ha-giang-loop-jeep-tour.html]
[hagiangopentour.com/en/ha-giang-hoang-su-phi.html]
[hagiangopentour.com/en/ha-giang-sapa.html]
[hagiangopentour.com/en/ha-giang-ban-gioc-waterfall-ba-be-lake.html]
[hagiangopentour.com/en/ha-giang-ha-long-bay.html]
[hagiangopentour.com/en/ha-giang-ninh-binh.html]
[hagiangopentour.com/en/ha-giang-mu-cang-chai.html]
[hagiangopentour.com/en/north-vietnam-packages-tour.html]
[hagiangopentour.com/en/1-day-packages.html]
[hagiangopentour.com/en/2-days-packages.html]
[hagiangopentour.com/en/3-days-packages.html]
[hagiangopentour.com/en/4-days-packages.html]
[hagiangopentour.com/en/5-days-packages.html]
[hagiangopentour.com/en/6-days-packages.html]
[hagiangopentour.com/en/7-days-packages.html]
[hagiangopentour.com/en/ha-long-bay.html]
[hagiangopentour.com/en/sapa.html]
[hagiangopentour.com/en/ninh-binh.html]
[hagiangopentour.com/en/ha-noi.html]
[hagiangopentour.com/en/ha-giang-daily-bus-ticket.html]
[hagiangopentour.com/en/ha-giang-cars-motorbike-for-rent.html]
[hagiangopentour.com/en/ha-giang-tour-4-days-3-nights-easy-rider-motorbike.html]
[hagiangopentour.com/en/tour-ha-noi-ha-giang-cao-bang-ban-gioc-waterfall-4-days-3-nights.html]
[hagiangopentour.com/en/tour-ha-noi-ha-giang-cao-bang-ban-gioc-waterfall-5-days-4-nights.html]
[hagiangopentour.com/en/tour-ha-noi-ha-giang-ban-gioc-waterfall-ba-be-lake-5-days-4-nights.html]
[hagiangopentour.com/en/ha-giang-tour-3-days-2-nights-ha-giang-loop-car.html]
[hagiangopentour.com/en/ha-giang-tour-4-days-3-nights-ha-giang-loop-car.html]
[hagiangopentour.com/en/tour-ha-giang-5-days-4-nights-ha-giang-loop-car.html]
[hagiangopentour.com/en/ha-giang-tour-3-nights-2-days-ha-giang-loop-car.html]
[hagiangopentour.com/en/ha-giang-tour-4-nights-3-days-ha-giang-loop-car.html]
[hagiangopentour.com/en/ha-giang-tour-3-nights-2-days-easy-rider-motorbike-tour.html]
[hagiangopentour.com/en/ha-giang-tour-4-nights-3-days-easy-rider-motorbike-tour.html]
[hagiangopentour.com/en/ha-giang-tour-3-days-2-nights-private-group.html]
[hagiangopentour.com/en/ha-giang-tour-4-nights-3-days-du-gia-village-ha-giang-loop-car.html]
[hagiangopentour.com/en/ha-giang-tour-4-nights-3-days-du-gia-village-motorbike-tour.html]
[hagiangopentour.com/en/ha-noi-ha-giang-hoang-su-phi-5-days-4-nights.html]
[hagiangopentour.com/en/ha-giang-cao-bang-ban-gioc-waterfall-ba-be-lake-tour-6-days-5-nights.html]
[hagiangopentour.com/en/packages-tour-ha-giang-sapa-5-days-4-nights.html]
[hagiangopentour.com/en/packages-tour-ha-giang-sapa-4-days-4-nights.html]
[hagiangopentour.com/en/packages-tour-ha-giang-sapa-6-days-5-nights.html]
[hagiangopentour.com/en/ha-giang-tour-3-days-2-nights-loop-jeep-car.html]
[hagiangopentour.com/en/hanoi-city-tour-full-day-water-puppet.html]
[hagiangopentour.com/en/cooking-class-with-market-tour-5-dishes-traditional-cuisine.html]
[hagiangopentour.com/en/phong-nha-ke-bang-national-park-full-day.html]
[hagiangopentour.com/en/cuc-phuong-national-park-full-day.html]
[hagiangopentour.com/en/ba-na-hill-1-day.html]
[hagiangopentour.com/en/mai-chau-1-day-tour-with-biking.html]
[hagiangopentour.com/en/duong-lam-ancient-village-1-day-tour.html]
[hagiangopentour.com/en/perfume-pagoda-01-day.html]
[hagiangopentour.com/en/tour-hanoi-ninh-binh-full-day-hoa-lu-trang-an-mua-cave-cycling.html]
[hagiangopentour.com/en/tour-ninh-binh-2-days-1-night.html]
[hagiangopentour.com/en/tour-hanoi-perfume-pagoda-01-day.html]
[hagiangopentour.com/en/tour-hanoi-bai-dinh-trang-an-01-day.html]
[hagiangopentour.com/en/tour-hanoi-hoa-lu-tam-coc-01-day.html]
[hagiangopentour.com/en/incense-village-lang-huong-01-day.html]
[hagiangopentour.com/en/ha-noi-cao-bang-ban-gioc-waterfall-ba-be-lake-tour-03-days-02-night.html]
[hagiangopentour.com/en/packages-tour-ha-noi-moc-chau-3-days-2-nights.html]
[hagiangopentour.com/en/packages-tour-ha-noi-sapa-3-days-2-nights-in-hotel.html]
[hagiangopentour.com/en/incense-village-01-day.html]
[hagiangopentour.com/en/hanoi-countryside-jeep-motorbike-vintage-viespa-bicycle-scooter-tours.html]
[hagiangopentour.com/en/hanoi-city-insight-jeep-motorbike-vintage-viespa-bicycle-scooter-tours.html]
[hagiangopentour.com/en/hanoi-sightseeing-and-food-tour-by-scooter-4-hours.html]
[hagiangopentour.com/en/hanoi-street-food-walking-tour-small-group.html]
[hagiangopentour.com/en/jeep-tour-ha-giang-for-rent.html]
[hagiangopentour.com/en/motorbike-rental-110-cc-cheap-price-in-ha-giang.html]
[hagiangopentour.com/en/race-150-cc-motorbike-rental-in-ha-giang.html]
[hagiangopentour.com/en/car-rental-4-seats-ha-giang-loop.html]
[hagiangopentour.com/en/car-7-seats-car-rental-ha-giang-loop.html]
[hagiangopentour.com/en/car-rental-16-seats-ha-giang-loop.html]
[hagiangopentour.com/en/car-rental-29-seats-ha-giang-loop.html]
[hagiangopentour.com/en/rental-limousine-from-hanoi-to-ha-giang.html]
[hagiangopentour.com/en/car-rental-29-45-seats-from-hanoi-to-ha-giang.html]
[hagiangopentour.com/en/sleeping-bus-hanoi-ha-giang.html]
[hagiangopentour.com/en/limousine-bus-hanoi-ha-giang-tickets.html]
[hagiangopentour.com/en/sleeping-luxury-cabin-bus.html]
[hagiangopentour.com/en/privacy-policy.html]
[hagiangopentour.com/en/payments.html]
[hagiangopentour.com/en/policy-book-cancel-tickets.html]
[hagiangopentour.com/en/travel-experiences.html]
[hagiangopentour.com/en/template/backend/js/plugins/toastr/toastr.min.js]
[hagiangopentour.com/en/template/acore/js/core.js]
[hagiangopentour.com/en/index.html]
[hagiangopentour.com/fr/introduction-to-ha-giang-open-tour.html]
[hagiangopentour.com/fr/ha-giang-tour.html]
[hagiangopentour.com/fr/ha-giang-loop-car.html]
[hagiangopentour.com/fr/ha-giang-loop-motorbike.html]
[hagiangopentour.com/fr/ha-giang-loop-jeep-tour.html]
[hagiangopentour.com/fr/ha-giang-hoang-su-phi.html]
[hagiangopentour.com/fr/ha-giang-sapa.html]
[hagiangopentour.com/fr/ha-giang-ban-gioc-waterfall-ba-be-lake.html]
[hagiangopentour.com/fr/ha-giang-ha-long-bay.html]
[hagiangopentour.com/fr/ha-giang-ninh-binh.html]
[hagiangopentour.com/fr/ha-giang-mu-cang-chai.html]
[hagiangopentour.com/fr/north-vietnam-packages-tour.html]
[hagiangopentour.com/fr/1-day-packages.html]
[hagiangopentour.com/fr/2-days-packages.html]
[hagiangopentour.com/fr/3-days-packages.html]
[hagiangopentour.com/fr/4-days-packages.html]
[hagiangopentour.com/fr/5-days-packages.html]
[hagiangopentour.com/fr/6-days-packages.html]
[hagiangopentour.com/fr/7-days-packages.html]
[hagiangopentour.com/fr/ha-long-bay.html]
[hagiangopentour.com/fr/sapa.html]
[hagiangopentour.com/fr/ninh-binh.html]
[hagiangopentour.com/fr/ha-noi.html]
[hagiangopentour.com/fr/ha-giang-daily-bus-ticket.html]
[hagiangopentour.com/fr/ha-giang-cars-motorbike-for-rent.html]
[hagiangopentour.com/fr/ha-giang-tour-4-days-3-nights-easy-rider-motorbike.html]
[hagiangopentour.com/fr/tour-ha-noi-ha-giang-cao-bang-ban-gioc-waterfall-4-days-3-nights.html]
[hagiangopentour.com/fr/tour-ha-noi-ha-giang-cao-bang-ban-gioc-waterfall-5-days-4-nights.html]
[hagiangopentour.com/fr/tour-ha-noi-ha-giang-ban-gioc-waterfall-ba-be-lake-5-days-4-nights.html]
[hagiangopentour.com/fr/ha-giang-tour-3-days-2-nights-ha-giang-loop-car.html]
[hagiangopentour.com/fr/ha-giang-tour-4-days-3-nights-ha-giang-loop-car.html]
[hagiangopentour.com/fr/tour-ha-giang-5-days-4-nights-ha-giang-loop-car.html]
[hagiangopentour.com/fr/ha-giang-tour-3-nights-2-days-ha-giang-loop-car.html]
[hagiangopentour.com/fr/ha-giang-tour-4-nights-3-days-ha-giang-loop-car.html]
[hagiangopentour.com/fr/ha-giang-tour-3-nights-2-days-easy-rider-motorbike-tour.html]
[hagiangopentour.com/fr/ha-giang-tour-4-nights-3-days-easy-rider-motorbike-tour.html]
[hagiangopentour.com/fr/ha-giang-tour-3-days-2-nights-private-group.html]
[hagiangopentour.com/fr/ha-giang-tour-4-nights-3-days-du-gia-village-ha-giang-loop-car.html]
[hagiangopentour.com/fr/ha-giang-tour-4-nights-3-days-du-gia-village-motorbike-tour.html]
[hagiangopentour.com/fr/ha-noi-ha-giang-hoang-su-phi-5-days-4-nights.html]
[hagiangopentour.com/fr/ha-giang-cao-bang-ban-gioc-waterfall-ba-be-lake-tour-6-days-5-nights.html]
[hagiangopentour.com/fr/packages-tour-ha-giang-sapa-5-days-4-nights.html]
[hagiangopentour.com/fr/packages-tour-ha-giang-sapa-4-days-4-nights.html]
[hagiangopentour.com/fr/packages-tour-ha-giang-sapa-6-days-5-nights.html]
[hagiangopentour.com/fr/ha-giang-tour-3-days-2-nights-loop-jeep-car.html]
[hagiangopentour.com/fr/hanoi-city-tour-full-day-water-puppet.html]
[hagiangopentour.com/fr/cooking-class-with-market-tour-5-dishes-traditional-cuisine.html]
[hagiangopentour.com/fr/phong-nha-ke-bang-national-park-full-day.html]
[hagiangopentour.com/fr/cuc-phuong-national-park-full-day.html]
[hagiangopentour.com/fr/ba-na-hill-1-day.html]
[hagiangopentour.com/fr/mai-chau-1-day-tour-with-biking.html]
[hagiangopentour.com/fr/duong-lam-ancient-village-1-day-tour.html]
[hagiangopentour.com/fr/perfume-pagoda-01-day.html]
[hagiangopentour.com/fr/tour-hanoi-ninh-binh-full-day-hoa-lu-trang-an-mua-cave-cycling.html]
[hagiangopentour.com/fr/tour-ninh-binh-2-days-1-night.html]
[hagiangopentour.com/fr/tour-hanoi-perfume-pagoda-01-day.html]
[hagiangopentour.com/fr/tour-hanoi-bai-dinh-trang-an-01-day.html]
[hagiangopentour.com/fr/tour-hanoi-hoa-lu-tam-coc-01-day.html]
[hagiangopentour.com/fr/incense-village-lang-huong-01-day.html]
[hagiangopentour.com/fr/ha-noi-cao-bang-ban-gioc-waterfall-ba-be-lake-tour-03-days-02-night.html]
[hagiangopentour.com/fr/packages-tour-ha-noi-moc-chau-3-days-2-nights.html]
[hagiangopentour.com/fr/packages-tour-ha-noi-sapa-3-days-2-nights-in-hotel.html]
[hagiangopentour.com/fr/incense-village-01-day.html]
[hagiangopentour.com/fr/hanoi-countryside-jeep-motorbike-vintage-viespa-bicycle-scooter-tours.html]
[hagiangopentour.com/fr/hanoi-city-insight-jeep-motorbike-vintage-viespa-bicycle-scooter-tours.html]
[hagiangopentour.com/fr/hanoi-sightseeing-and-food-tour-by-scooter-4-hours.html]
[hagiangopentour.com/fr/hanoi-street-food-walking-tour-small-group.html]
[hagiangopentour.com/fr/jeep-tour-ha-giang-for-rent.html]
[hagiangopentour.com/fr/motorbike-rental-110-cc-cheap-price-in-ha-giang.html]
[hagiangopentour.com/fr/race-150-cc-motorbike-rental-in-ha-giang.html]
[hagiangopentour.com/fr/car-rental-4-seats-ha-giang-loop.html]
[hagiangopentour.com/fr/car-7-seats-car-rental-ha-giang-loop.html]
[hagiangopentour.com/fr/car-rental-16-seats-ha-giang-loop.html]
[hagiangopentour.com/fr/car-rental-29-seats-ha-giang-loop.html]
[hagiangopentour.com/fr/rental-limousine-from-hanoi-to-ha-giang.html]
[hagiangopentour.com/fr/car-rental-29-45-seats-from-hanoi-to-ha-giang.html]
[hagiangopentour.com/fr/sleeping-bus-hanoi-ha-giang.html]
[hagiangopentour.com/fr/limousine-bus-hanoi-ha-giang-tickets.html]
[hagiangopentour.com/fr/sleeping-luxury-cabin-bus.html]
[hagiangopentour.com/fr/privacy-policy.html]
[hagiangopentour.com/fr/payments.html]
[hagiangopentour.com/fr/policy-book-cancel-tickets.html]
[hagiangopentour.com/fr/travel-experiences.html]
[hagiangopentour.com/fr/template/backend/js/plugins/toastr/toastr.min.js]
[hagiangopentour.com/fr/template/acore/js/core.js]
[hagiangopentour.com/fr/index.html]
[hagiangopentour.com/cho-thue-xe-jeep-tour-ha-giang.html]
[hagiangopentour.com/introduce.html]
[hagiangopentour.com/ha-giang-destination-to-the-idea.html]
[hagiangopentour.com/free-contact.html]
[hagiangopentour.com/introduction-to-ha-giang-open-tour.html]
[hagiangopentour.com/ba-be-lake-ban-gioc-waterfalls.html]
[hagiangopentour.com/ha-giang-tourb6f4.html]
[hagiangopentour.com/ha-giang-tourd055.html]
[hagiangopentour.com/ha-giang-tour-4-days-3-nights-easy-rider-motorbike.html]
[hagiangopentour.com/tour-ha-noi-ha-giang-cao-bang-ban-gioc-waterfall-4-days-3-nights.html]
[hagiangopentour.com/tour-ha-noi-ha-giang-cao-bang-ban-gioc-waterfall-5-days-4-nights.html]
[hagiangopentour.com/tour-ha-noi-ha-giang-ban-gioc-waterfall-ba-be-lake-5-days-4-nights.html]
[hagiangopentour.com/ha-giang-tour-3-days-2-nights-ha-giang-loop-car.html]
[hagiangopentour.com/ha-giang-tour-4-days-3-nights-ha-giang-loop-car.html]
[hagiangopentour.com/tour-ha-giang-5-days-4-nights-ha-giang-loop-car.html]
[hagiangopentour.com/ha-giang-tour-3-nights-2-days-ha-giang-loop-car.html]
[hagiangopentour.com/ha-giang-tour-4-nights-3-days-ha-giang-loop-car.html]
[hagiangopentour.com/ha-giang-tour-3-nights-2-days-easy-rider-motorbike-tour.html]
[hagiangopentour.com/ha-giang-tour-4-nights-3-days-easy-rider-motorbike-tour.html]
[hagiangopentour.com/ha-giang-tour-3-days-2-nights-private-group.html]
[hagiangopentour.com/ha-giang-tour-4-nights-3-days-du-gia-village-ha-giang-loop-car.html]
[hagiangopentour.com/ha-giang-tour-4-nights-3-days-du-gia-village-motorbike-tour.html]
[hagiangopentour.com/ha-noi-ha-giang-hoang-su-phi-5-days-4-nights.html]
[hagiangopentour.com/ha-giang-cao-bang-ban-gioc-waterfall-ba-be-lake-tour-6-days-5-nights.html]
[hagiangopentour.com/packages-tour-ha-giang-sapa-5-days-4-nights.html]
[hagiangopentour.com/packages-tour-ha-giang-sapa-4-days-4-nights.html]
[hagiangopentour.com/packages-tour-ha-giang-sapa-6-days-5-nights.html]
[hagiangopentour.com/ha-giang-tour-3-days-2-nights-loop-jeep-car.html]
[hagiangopentour.com/ha-giang-tour-4-days-3-nights-loop-jeep-car.html]
[hagiangopentour.com/tour-ha-giang-5-days-4-nights-loop-jeep-car.html]
[hagiangopentour.com/ha-giang-tour-3-nights-2-days-loop-jeep-car.html]
[hagiangopentour.com/ha-giang-tour-4-nights-3-days-loop-jeep-car.html]
[hagiangopentour.com/ha-giang-tour-4-nights-3-days-du-gia-village-loop-jeep-car.html]
[hagiangopentour.com/tour-ha-giang-hoang-su-phi-2-days-1-night.html]
[hagiangopentour.com/ha-giang-tour.html]
[hagiangopentour.com/ha-giang-loop-carb6f4.html]
[hagiangopentour.com/ha-giang-loop-card055.html]
[hagiangopentour.com/ha-giang-loop-car.html]
[hagiangopentour.com/ha-giang-loop-motorbikeb6f4.html]
[hagiangopentour.com/ha-giang-loop-motorbiked055.html]
[hagiangopentour.com/ha-giang-loop-motorbike.html]
[hagiangopentour.com/ha-giang-loop-jeep-tourb6f4.html]
[hagiangopentour.com/ha-giang-loop-jeep-tourd055.html]
[hagiangopentour.com/ha-giang-loop-jeep-tour.html]
[hagiangopentour.com/ha-giang-hoang-su-phib6f4.html]
[hagiangopentour.com/ha-giang-hoang-su-phid055.html]
[hagiangopentour.com/ha-giang-hoang-su-phi.html]
[hagiangopentour.com/ha-giang-sapab6f4.html]
[hagiangopentour.com/ha-giang-sapad055.html]
[hagiangopentour.com/ha-giang-sapa.html]
[hagiangopentour.com/ha-giang-ban-gioc-waterfall-ba-be-lakeb6f4.html]
[hagiangopentour.com/ha-giang-ban-gioc-waterfall-ba-be-laked055.html]
[hagiangopentour.com/ha-giang-ban-gioc-waterfall-ba-be-lake.html]
[hagiangopentour.com/ha-giang-ha-long-bay.html]
[hagiangopentour.com/ha-giang-ninh-binh.html]
[hagiangopentour.com/ha-giang-mu-cang-chai.html]
[hagiangopentour.com/north-vietnam-packages-tourb6f4.html]
[hagiangopentour.com/north-vietnam-packages-tourd055.html]
[hagiangopentour.com/north-vietnam-packages-tour/trang-2.html]
[hagiangopentour.com/hanoi-city-tour-full-day-water-puppet.html]
[hagiangopentour.com/cooking-class-with-market-tour-5-dishes-traditional-cuisine.html]
[hagiangopentour.com/phong-nha-ke-bang-national-park-full-day.html]
[hagiangopentour.com/cuc-phuong-national-park-full-day.html]
[hagiangopentour.com/ba-na-hill-1-day.html]
[hagiangopentour.com/mai-chau-1-day-tour-with-biking.html]
[hagiangopentour.com/duong-lam-ancient-village-1-day-tour.html]
[hagiangopentour.com/perfume-pagoda-01-day.html]
[hagiangopentour.com/tour-hanoi-ninh-binh-full-day-hoa-lu-trang-an-mua-cave-cycling.html]
[hagiangopentour.com/tour-ninh-binh-2-days-1-night.html]
[hagiangopentour.com/tour-hanoi-perfume-pagoda-01-day.html]
[hagiangopentour.com/tour-hanoi-bai-dinh-trang-an-01-day.html]
[hagiangopentour.com/tour-hanoi-hoa-lu-tam-coc-01-day.html]
[hagiangopentour.com/incense-village-lang-huong-01-day.html]
[hagiangopentour.com/ha-noi-cao-bang-ban-gioc-waterfall-ba-be-lake-tour-03-days-02-night.html]
[hagiangopentour.com/packages-tour-ha-noi-moc-chau-3-days-2-nights.html]
[hagiangopentour.com/packages-tour-ha-noi-sapa-3-days-2-nights-in-hotel.html]
[hagiangopentour.com/packages-tour-ha-noi-sapa-trekking-2-days-3-nights.html]
[hagiangopentour.com/packages-tour-ha-noi-sapa-3-days-2-nights-01-night-hotel-01-night-homestay.html]
[hagiangopentour.com/packages-tour-ha-noi-sapa-2-days-1-night.html]
[hagiangopentour.com/hanoi-countryside-jeep-motorbike-vintage-viespa-bicycle-scooter-tours.html]
[hagiangopentour.com/hanoi-city-insight-jeep-motorbike-vintage-viespa-bicycle-scooter-tours.html]
[hagiangopentour.com/hanoi-sightseeing-and-food-tour-by-scooter-4-hours.html]
[hagiangopentour.com/hanoi-street-food-walking-tour-small-group.html]
[hagiangopentour.com/tour-ha-noi-hoa-lu-tam-coc-mua-cave-01-day.html]
[hagiangopentour.com/hanoi-ha-long-hanoi-1-day-cruise.html]
[hagiangopentour.com/cruise-2-days-1-night-ha-long-bay-lan-ha-bay.html]
[hagiangopentour.com/north-vietnam-packages-tour.html]
[hagiangopentour.com/1-day-packagesb6f4.html]
[hagiangopentour.com/1-day-packagesd055.html]
[hagiangopentour.com/1-day-packages.html]
[hagiangopentour.com/2-days-packagesb6f4.html]
[hagiangopentour.com/2-days-packagesd055.html]
[hagiangopentour.com/2-days-packages.html]
[hagiangopentour.com/3-days-packagesb6f4.html]
[hagiangopentour.com/3-days-packagesd055.html]
[hagiangopentour.com/3-days-packages.html]
[hagiangopentour.com/4-days-packagesb6f4.html]
[hagiangopentour.com/4-days-packagesd055.html]
[hagiangopentour.com/4-days-packages.html]
[hagiangopentour.com/5-days-packagesb6f4.html]
[hagiangopentour.com/5-days-packagesd055.html]
[hagiangopentour.com/5-days-packages.html]
[hagiangopentour.com/6-days-packagesb6f4.html]
[hagiangopentour.com/6-days-packagesd055.html]
[hagiangopentour.com/6-days-packages.html]
[hagiangopentour.com/7-days-packages.html]
[hagiangopentour.com/ha-long-bayb6f4.html]
[hagiangopentour.com/ha-long-bayd055.html]
[hagiangopentour.com/ha-long-bay.html]
[hagiangopentour.com/sapab6f4.html]
[hagiangopentour.com/sapad055.html]
[hagiangopentour.com/sapa.html]
[hagiangopentour.com/ninh-binhb6f4.html]
[hagiangopentour.com/ninh-binhd055.html]
[hagiangopentour.com/tour-hanoi-ninh-binh-full-day-hoa-lu-trang-an.html]
[hagiangopentour.com/tour-hanoi-ninh-binh-full-day-bai-dinh-trang-an-mua-cave.html]
[hagiangopentour.com/tour-hanoi-ninh-binh-full-day-hoa-lu-tam-coc-mua-cave.html]
[hagiangopentour.com/tour-hanoi-ninh-binh-1-day-hoa-lu-tam-coc.html]
[hagiangopentour.com/tour-hanoi-ninh-binh-1-day-bai-dinh-trang-an.html]
[hagiangopentour.com/tour-hanoi-ninh-binh-full-day-hoa-lu-trang-an-mua-cave.html]
[hagiangopentour.com/ninh-binh.html]
[hagiangopentour.com/ha-noib6f4.html]
[hagiangopentour.com/ha-noid055.html]
[hagiangopentour.com/incense-village-01-day.html]
[hagiangopentour.com/ha-noi.html]
[hagiangopentour.com/car-for-rental.html]
[hagiangopentour.com/ha-giang-daily-bus-ticketb6f4.html]
[hagiangopentour.com/ha-giang-daily-bus-ticketd055.html]
[hagiangopentour.com/sleeping-luxury-cabin-bus.html]
[hagiangopentour.com/limousine-bus-ha-giang-hanoi.html]
[hagiangopentour.com/sleeping-bus-hanoi-ha-giang.html]
[hagiangopentour.com/limousine-bus-hanoi-ha-giang-tickets.html]
[hagiangopentour.com/ha-giang-daily-bus-ticket.html]
[hagiangopentour.com/ha-giang-cars-motorbike-for-rentb6f4.html]
[hagiangopentour.com/ha-giang-cars-motorbike-for-rentd055.html]
[hagiangopentour.com/car-rental-29-45-seats-from-hanoi-to-ha-giang.html]
[hagiangopentour.com/rental-limousine-from-hanoi-to-ha-giang.html]
[hagiangopentour.com/car-rental-29-seats-ha-giang-loop.html]
[hagiangopentour.com/car-rental-16-seats-ha-giang-loop.html]
[hagiangopentour.com/car-7-seats-car-rental-ha-giang-loop.html]
[hagiangopentour.com/car-rental-4-seats-ha-giang-loop.html]
[hagiangopentour.com/race-150-cc-motorbike-rental-in-ha-giang.html]
[hagiangopentour.com/motorbike-rental-110-cc-cheap-price-in-ha-giang.html]
[hagiangopentour.com/jeep-tour-ha-giang-for-rent.html]
[hagiangopentour.com/ha-giang-cars-motorbike-for-rent.html]
[hagiangopentour.com/privacy-policy.html]
[hagiangopentour.com/payments.html]
[hagiangopentour.com/policy-book-cancel-tickets.html]
[hagiangopentour.com/travel-experiences.html]
[hagiangopentour.com/ve-xe-cung-dien-ha-giang.html]
[hagiangopentour.com/en/introduce.html]
[hagiangopentour.com/en/ha-giang-destination-to-the-idea.html]
[hagiangopentour.com/en/free-contact.html]
[hagiangopentour.com/en/introduction-to-ha-giang-open-tour.html]
[hagiangopentour.com/en/ba-be-lake-ban-gioc-waterfalls.html]
[hagiangopentour.com/en/ha-giang-tourb6f4.html]
[hagiangopentour.com/en/ha-giang-tourd055.html]
[hagiangopentour.com/en/ha-giang-tour-4-days-3-nights-loop-jeep-car.html]
[hagiangopentour.com/en/tour-ha-giang-5-days-4-nights-loop-jeep-car.html]
[hagiangopentour.com/en/ha-giang-tour-3-nights-2-days-loop-jeep-car.html]
[hagiangopentour.com/en/ha-giang-tour-4-nights-3-days-loop-jeep-car.html]
[hagiangopentour.com/en/ha-giang-tour-4-nights-3-days-du-gia-village-loop-jeep-car.html]
[hagiangopentour.com/en/tour-ha-giang-hoang-su-phi-2-days-1-night.html]
[hagiangopentour.com/en/ha-giang-tour.html]
[hagiangopentour.com/en/ha-giang-loop-carb6f4.html]
[hagiangopentour.com/en/ha-giang-loop-card055.html]
[hagiangopentour.com/en/ha-giang-loop-car.html]
[hagiangopentour.com/en/ha-giang-loop-motorbikeb6f4.html]
[hagiangopentour.com/en/ha-giang-loop-motorbiked055.html]
[hagiangopentour.com/en/ha-giang-loop-motorbike.html]
[hagiangopentour.com/en/ha-giang-loop-jeep-tourb6f4.html]
[hagiangopentour.com/en/ha-giang-loop-jeep-tourd055.html]
[hagiangopentour.com/en/ha-giang-loop-jeep-tour.html]
[hagiangopentour.com/en/ha-giang-hoang-su-phib6f4.html]
[hagiangopentour.com/en/ha-giang-hoang-su-phid055.html]
[hagiangopentour.com/en/ha-giang-hoang-su-phi.html]
[hagiangopentour.com/en/ha-giang-sapab6f4.html]
[hagiangopentour.com/en/ha-giang-sapad055.html]
[hagiangopentour.com/en/ha-giang-sapa.html]
[hagiangopentour.com/en/ha-giang-ban-gioc-waterfall-ba-be-lakeb6f4.html]
[hagiangopentour.com/en/ha-giang-ban-gioc-waterfall-ba-be-laked055.html]
[hagiangopentour.com/en/ha-giang-ban-gioc-waterfall-ba-be-lake.html]
[hagiangopentour.com/en/ha-giang-ha-long-bay.html]
[hagiangopentour.com/en/ha-giang-ninh-binh.html]
[hagiangopentour.com/en/ha-giang-mu-cang-chai.html]
[hagiangopentour.com/en/north-vietnam-packages-tourb6f4.html]
[hagiangopentour.com/en/north-vietnam-packages-tourd055.html]
[hagiangopentour.com/en/north-vietnam-packages-tour/trang-2.html]
[hagiangopentour.com/en/packages-tour-ha-noi-sapa-trekking-2-days-3-nights.html]
[hagiangopentour.com/en/packages-tour-ha-noi-sapa-3-days-2-nights-01-night-hotel-01-night-homestay.html]
[hagiangopentour.com/en/packages-tour-ha-noi-sapa-2-days-1-night.html]
[hagiangopentour.com/en/tour-ha-noi-hoa-lu-tam-coc-mua-cave-01-day.html]
[hagiangopentour.com/en/hanoi-ha-long-hanoi-1-day-cruise.html]
[hagiangopentour.com/en/cruise-2-days-1-night-ha-long-bay-lan-ha-bay.html]
[hagiangopentour.com/en/north-vietnam-packages-tour.html]
[hagiangopentour.com/en/1-day-packagesb6f4.html]
[hagiangopentour.com/en/1-day-packagesd055.html]
[hagiangopentour.com/en/1-day-packages.html]
[hagiangopentour.com/en/2-days-packagesb6f4.html]
[hagiangopentour.com/en/2-days-packagesd055.html]
[hagiangopentour.com/en/2-days-packages.html]
[hagiangopentour.com/en/3-days-packagesb6f4.html]
[hagiangopentour.com/en/3-days-packagesd055.html]
[hagiangopentour.com/en/3-days-packages.html]
[hagiangopentour.com/en/4-days-packagesb6f4.html]
[hagiangopentour.com/en/4-days-packagesd055.html]
[hagiangopentour.com/en/4-days-packages.html]
[hagiangopentour.com/en/5-days-packagesb6f4.html]
[hagiangopentour.com/en/5-days-packagesd055.html]
[hagiangopentour.com/en/5-days-packages.html]
[hagiangopentour.com/en/6-days-packagesb6f4.html]
[hagiangopentour.com/en/6-days-packagesd055.html]
[hagiangopentour.com/en/6-days-packages.html]
[hagiangopentour.com/en/7-days-packages.html]
[hagiangopentour.com/en/ha-long-bayb6f4.html]
[hagiangopentour.com/en/ha-long-bayd055.html]
[hagiangopentour.com/en/ha-long-bay.html]
[hagiangopentour.com/en/sapab6f4.html]
[hagiangopentour.com/en/sapad055.html]
[hagiangopentour.com/en/sapa.html]
[hagiangopentour.com/en/ninh-binhb6f4.html]
[hagiangopentour.com/en/ninh-binhd055.html]
[hagiangopentour.com/en/tour-hanoi-ninh-binh-full-day-hoa-lu-trang-an.html]
[hagiangopentour.com/en/tour-hanoi-ninh-binh-full-day-bai-dinh-trang-an-mua-cave.html]
[hagiangopentour.com/en/tour-hanoi-ninh-binh-full-day-hoa-lu-tam-coc-mua-cave.html]
[hagiangopentour.com/en/tour-hanoi-ninh-binh-1-day-hoa-lu-tam-coc.html]
[hagiangopentour.com/en/tour-hanoi-ninh-binh-1-day-bai-dinh-trang-an.html]
[hagiangopentour.com/en/tour-hanoi-ninh-binh-full-day-hoa-lu-trang-an-mua-cave.html]
[hagiangopentour.com/en/ninh-binh.html]
[hagiangopentour.com/en/ha-noib6f4.html]
[hagiangopentour.com/en/ha-noid055.html]
[hagiangopentour.com/en/ha-noi.html]
[hagiangopentour.com/en/car-for-rental.html]
[hagiangopentour.com/en/ha-giang-daily-bus-ticketb6f4.html]
[hagiangopentour.com/en/ha-giang-daily-bus-ticketd055.html]
[hagiangopentour.com/en/limousine-bus-ha-giang-hanoi.html]
[hagiangopentour.com/en/ha-giang-daily-bus-ticket.html]
[hagiangopentour.com/en/ha-giang-cars-motorbike-for-rentb6f4.html]
[hagiangopentour.com/en/ha-giang-cars-motorbike-for-rentd055.html]
[hagiangopentour.com/en/ha-giang-cars-motorbike-for-rent.html]
[hagiangopentour.com/en/dat-tour7567.html]
[hagiangopentour.com/en/ha-giang-tour-4-days-3-nights-easy-rider-motorbike.html]
[hagiangopentour.com/en/dat-tourbce2.html]
[hagiangopentour.com/en/tour-ha-noi-ha-giang-cao-bang-ban-gioc-waterfall-4-days-3-nights.html]
[hagiangopentour.com/en/tour-ha-noi-ha-giang-cao-bang-ban-gioc-waterfall-5-days-4-nights.html]
[hagiangopentour.com/en/dat-tour004c.html]
[hagiangopentour.com/en/dat-tour64d0.html]
[hagiangopentour.com/en/tour-ha-noi-ha-giang-ban-gioc-waterfall-ba-be-lake-5-days-4-nights.html]
[hagiangopentour.com/en/dat-tourab5e.html]
[hagiangopentour.com/en/ha-giang-tour-3-days-2-nights-ha-giang-loop-car.html]
[hagiangopentour.com/en/dat-tour084d.html]
[hagiangopentour.com/en/ha-giang-tour-4-days-3-nights-ha-giang-loop-car.html]
[hagiangopentour.com/en/dat-tour619c.html]
[hagiangopentour.com/en/tour-ha-giang-5-days-4-nights-ha-giang-loop-car.html]
[hagiangopentour.com/en/dat-tour2580.html]
[hagiangopentour.com/en/ha-giang-tour-3-nights-2-days-ha-giang-loop-car.html]
[hagiangopentour.com/en/dat-tour6396.html]
[hagiangopentour.com/en/ha-giang-tour-4-nights-3-days-ha-giang-loop-car.html]
[hagiangopentour.com/en/dat-toura916.html]
[hagiangopentour.com/en/ha-giang-tour-3-nights-2-days-easy-rider-motorbike-tour.html]
[hagiangopentour.com/en/dat-tour98dc.html]
[hagiangopentour.com/en/ha-giang-tour-4-nights-3-days-easy-rider-motorbike-tour.html]
[hagiangopentour.com/en/dat-tour7df0.html]
[hagiangopentour.com/en/ha-giang-tour-3-days-2-nights-private-group.html]
[hagiangopentour.com/en/dat-tour011a.html]
[hagiangopentour.com/en/ha-giang-tour-4-nights-3-days-du-gia-village-ha-giang-loop-car.html]
[hagiangopentour.com/en/dat-tourbb33.html]
[hagiangopentour.com/en/ha-giang-tour-4-nights-3-days-du-gia-village-motorbike-tour.html]
[hagiangopentour.com/en/dat-tour2fc6.html]
[hagiangopentour.com/en/ha-noi-ha-giang-hoang-su-phi-5-days-4-nights.html]
[hagiangopentour.com/en/dat-tour3221.html]
[hagiangopentour.com/en/ha-giang-cao-bang-ban-gioc-waterfall-ba-be-lake-tour-6-days-5-nights.html]
[hagiangopentour.com/en/dat-tour5aaa.html]
[hagiangopentour.com/en/packages-tour-ha-giang-sapa-5-days-4-nights.html]
[hagiangopentour.com/en/dat-tourd625.html]
[hagiangopentour.com/en/packages-tour-ha-giang-sapa-4-days-4-nights.html]
[hagiangopentour.com/en/dat-tour09c3.html]
[hagiangopentour.com/en/packages-tour-ha-giang-sapa-6-days-5-nights.html]
[hagiangopentour.com/en/dat-tour0468.html]
[hagiangopentour.com/en/ha-giang-tour-3-days-2-nights-loop-jeep-car.html]
[hagiangopentour.com/en/dat-tourcd7b.html]
[hagiangopentour.com/en/hanoi-city-tour-full-day-water-puppet.html]
[hagiangopentour.com/en/dat-tour7147.html]
[hagiangopentour.com/en/cooking-class-with-market-tour-5-dishes-traditional-cuisine.html]
[hagiangopentour.com/en/dat-tour9b05.html]
[hagiangopentour.com/en/phong-nha-ke-bang-national-park-full-day.html]
[hagiangopentour.com/en/dat-toura6dd.html]
[hagiangopentour.com/en/cuc-phuong-national-park-full-day.html]
[hagiangopentour.com/en/dat-toura262.html]
[hagiangopentour.com/en/ba-na-hill-1-day.html]
[hagiangopentour.com/en/dat-tour6d44.html]
[hagiangopentour.com/en/mai-chau-1-day-tour-with-biking.html]
[hagiangopentour.com/en/dat-tour686a.html]
[hagiangopentour.com/en/duong-lam-ancient-village-1-day-tour.html]
[hagiangopentour.com/en/dat-tour7e46.html]
[hagiangopentour.com/en/perfume-pagoda-01-day.html]
[hagiangopentour.com/en/dat-tour9bb2.html]
[hagiangopentour.com/en/tour-hanoi-ninh-binh-full-day-hoa-lu-trang-an-mua-cave-cycling.html]
[hagiangopentour.com/en/dat-touracbf.html]
[hagiangopentour.com/en/tour-ninh-binh-2-days-1-night.html]
[hagiangopentour.com/en/dat-tourd575.html]
[hagiangopentour.com/en/tour-hanoi-perfume-pagoda-01-day.html]
[hagiangopentour.com/en/dat-tour0641.html]
[hagiangopentour.com/en/tour-hanoi-bai-dinh-trang-an-01-day.html]
[hagiangopentour.com/en/dat-tour1398.html]
[hagiangopentour.com/en/tour-hanoi-hoa-lu-tam-coc-01-day.html]
[hagiangopentour.com/en/dat-tour2c6d.html]
[hagiangopentour.com/en/incense-village-lang-huong-01-day.html]
[hagiangopentour.com/en/dat-tour9421.html]
[hagiangopentour.com/ha-noi-cao-bang-–-ban-gioc-waterfall-–-ba-be-lake-tour-03-days-02-night]
[hagiangopentour.com/en/ha-noi-cao-bang-ban-gioc-waterfall-ba-be-lake-tour-03-days-02-night.html]
[hagiangopentour.com/en/dat-tourbc58.html]
[hagiangopentour.com/packages-tour-ha-noi-moc-chau-3-days-2-nights-2.html]
[hagiangopentour.com/en/packages-tour-ha-noi-moc-chau-3-days-2-nights.html]
[hagiangopentour.com/en/dat-tourd8c4.html]
[hagiangopentour.com/en/packages-tour-ha-noi-sapa-3-days-2-nights-in-hotel.html]
[hagiangopentour.com/en/dat-tour0f0e.html]
[hagiangopentour.com/en/incense-village-01-day.html]
[hagiangopentour.com/en/dat-tour8431.html]
[hagiangopentour.com/en/hanoi-countryside-jeep-motorbike-vintage-viespa-bicycle-scooter-tours.html]
[hagiangopentour.com/en/dat-tour76a2.html]
[hagiangopentour.com/en/hanoi-city-insight-jeep-motorbike-vintage-viespa-bicycle-scooter-tours.html]
[hagiangopentour.com/en/dat-tour475d.html]
[hagiangopentour.com/en/hanoi-sightseeing-and-food-tour-by-scooter-4-hours.html]
[hagiangopentour.com/en/dat-tour4f62.html]
[hagiangopentour.com/en/hanoi-street-food-walking-tour-small-group.html]
[hagiangopentour.com/en/upload/images/video/jeeeeppppppppppp.jfif]
[hagiangopentour.com/en/dat-xe98dc.html]
[hagiangopentour.com/en/jeep-tour-ha-giang-for-rent.html]
[hagiangopentour.com/en/dat-xeef73.html]
[hagiangopentour.com/en/motorbike-rental-110-cc-cheap-price-in-ha-giang.html]
[hagiangopentour.com/en/dat-xed5e8.html]
[hagiangopentour.com/en/race-150-cc-motorbike-rental-in-ha-giang.html]
[hagiangopentour.com/en/dat-xe6fb5.html]
[hagiangopentour.com/en/car-rental-4-seats-ha-giang-loop.html]
[hagiangopentour.com/en/dat-xedac1.html]
[hagiangopentour.com/en/car-7-seats-car-rental-ha-giang-loop.html]
[hagiangopentour.com/en/dat-xe8bcf.html]
[hagiangopentour.com/en/car-rental-16-seats-ha-giang-loop.html]
[hagiangopentour.com/en/dat-xe95dc.html]
[hagiangopentour.com/en/car-rental-29-seats-ha-giang-loop.html]
[hagiangopentour.com/en/dat-xe1e35.html]
[hagiangopentour.com/en/rental-limousine-from-hanoi-to-ha-giang.html]
[hagiangopentour.com/en/dat-xecdef.html]
[hagiangopentour.com/en/car-rental-29-45-seats-from-hanoi-to-ha-giang.html]
[hagiangopentour.com/en/dat-xe4411.html]
[hagiangopentour.com/en/sleeping-bus-hanoi-ha-giang.html]
[hagiangopentour.com/en/dat-xef62c.html]
[hagiangopentour.com/en/limousine-bus-hanoi-ha-giang-tickets.html]
[hagiangopentour.com/en/dat-xe7df0.html]
[hagiangopentour.com/en/sleeping-luxury-cabin-bus.html]
[hagiangopentour.com/en/template/not-found.html]
[hagiangopentour.com/en/privacy-policy.html]
[hagiangopentour.com/en/payments.html]
[hagiangopentour.com/en/policy-book-cancel-tickets.html]
[hagiangopentour.com/en/travel-experiences.html]
[hagiangopentour.com/en/G-Q9CCW6K72H.html]
[hagiangopentour.com/en/Youtube.html]
[hagiangopentour.com/en/template/backend/js/plugins/toastr/toastr.min.html]
[hagiangopentour.com/en/template/acore/js/core.html]
[hagiangopentour.com/fr/introduce.html]
[hagiangopentour.com/fr/ha-giang-destination-to-the-idea.html]
[hagiangopentour.com/fr/free-contact.html]
[hagiangopentour.com/fr/introduction-to-ha-giang-open-tour.html]
[hagiangopentour.com/fr/ba-be-lake-ban-gioc-waterfalls.html]
[hagiangopentour.com/fr/ha-giang-tourb6f4.html]
[hagiangopentour.com/fr/ha-giang-tourd055.html]
[hagiangopentour.com/fr/ha-giang-tour-4-days-3-nights-loop-jeep-car.html]
[hagiangopentour.com/fr/tour-ha-giang-5-days-4-nights-loop-jeep-car.html]
[hagiangopentour.com/fr/ha-giang-tour-3-nights-2-days-loop-jeep-car.html]
[hagiangopentour.com/fr/ha-giang-tour-4-nights-3-days-loop-jeep-car.html]
[hagiangopentour.com/fr/ha-giang-tour-4-nights-3-days-du-gia-village-loop-jeep-car.html]
[hagiangopentour.com/fr/tour-ha-giang-hoang-su-phi-2-days-1-night.html]
[hagiangopentour.com/fr/ha-giang-tour.html]
[hagiangopentour.com/fr/ha-giang-loop-carb6f4.html]
[hagiangopentour.com/fr/ha-giang-loop-card055.html]
[hagiangopentour.com/fr/ha-giang-loop-car.html]
[hagiangopentour.com/fr/ha-giang-loop-motorbikeb6f4.html]
[hagiangopentour.com/fr/ha-giang-loop-motorbiked055.html]
[hagiangopentour.com/fr/ha-giang-loop-motorbike.html]
[hagiangopentour.com/fr/ha-giang-loop-jeep-tourb6f4.html]
[hagiangopentour.com/fr/ha-giang-loop-jeep-tourd055.html]
[hagiangopentour.com/fr/ha-giang-loop-jeep-tour.html]
[hagiangopentour.com/fr/ha-giang-hoang-su-phib6f4.html]
[hagiangopentour.com/fr/ha-giang-hoang-su-phid055.html]
[hagiangopentour.com/fr/ha-giang-hoang-su-phi.html]
[hagiangopentour.com/fr/ha-giang-sapab6f4.html]
[hagiangopentour.com/fr/ha-giang-sapad055.html]
[hagiangopentour.com/fr/ha-giang-sapa.html]
[hagiangopentour.com/fr/ha-giang-ban-gioc-waterfall-ba-be-lakeb6f4.html]
[hagiangopentour.com/fr/ha-giang-ban-gioc-waterfall-ba-be-laked055.html]
[hagiangopentour.com/fr/ha-giang-ban-gioc-waterfall-ba-be-lake.html]
[hagiangopentour.com/fr/ha-giang-ha-long-bay.html]
[hagiangopentour.com/fr/ha-giang-ninh-binh.html]
[hagiangopentour.com/fr/ha-giang-mu-cang-chai.html]
[hagiangopentour.com/fr/north-vietnam-packages-tourb6f4.html]
[hagiangopentour.com/fr/north-vietnam-packages-tourd055.html]
[hagiangopentour.com/fr/north-vietnam-packages-tour/trang-2.html]
[hagiangopentour.com/fr/packages-tour-ha-noi-sapa-trekking-2-days-3-nights.html]
[hagiangopentour.com/fr/packages-tour-ha-noi-sapa-3-days-2-nights-01-night-hotel-01-night-homestay.html]
[hagiangopentour.com/fr/packages-tour-ha-noi-sapa-2-days-1-night.html]
[hagiangopentour.com/fr/tour-ha-noi-hoa-lu-tam-coc-mua-cave-01-day.html]
[hagiangopentour.com/fr/hanoi-ha-long-hanoi-1-day-cruise.html]
[hagiangopentour.com/fr/cruise-2-days-1-night-ha-long-bay-lan-ha-bay.html]
[hagiangopentour.com/fr/north-vietnam-packages-tour.html]
[hagiangopentour.com/fr/1-day-packagesb6f4.html]
[hagiangopentour.com/fr/1-day-packagesd055.html]
[hagiangopentour.com/fr/1-day-packages.html]
[hagiangopentour.com/fr/2-days-packagesb6f4.html]
[hagiangopentour.com/fr/2-days-packagesd055.html]
[hagiangopentour.com/fr/2-days-packages.html]
[hagiangopentour.com/fr/3-days-packagesb6f4.html]
[hagiangopentour.com/fr/3-days-packagesd055.html]
[hagiangopentour.com/fr/3-days-packages.html]
[hagiangopentour.com/fr/4-days-packagesb6f4.html]
[hagiangopentour.com/fr/4-days-packagesd055.html]
[hagiangopentour.com/fr/4-days-packages.html]
[hagiangopentour.com/fr/5-days-packagesb6f4.html]
[hagiangopentour.com/fr/5-days-packagesd055.html]
[hagiangopentour.com/fr/5-days-packages.html]
[hagiangopentour.com/fr/6-days-packagesb6f4.html]
[hagiangopentour.com/fr/6-days-packagesd055.html]
[hagiangopentour.com/fr/6-days-packages.html]
[hagiangopentour.com/fr/7-days-packages.html]
[hagiangopentour.com/fr/ha-long-bayb6f4.html]
[hagiangopentour.com/fr/ha-long-bayd055.html]
[hagiangopentour.com/fr/ha-long-bay.html]
[hagiangopentour.com/fr/sapab6f4.html]
[hagiangopentour.com/fr/sapad055.html]
[hagiangopentour.com/fr/sapa.html]
[hagiangopentour.com/fr/ninh-binhb6f4.html]
[hagiangopentour.com/fr/ninh-binhd055.html]
[hagiangopentour.com/fr/tour-hanoi-ninh-binh-full-day-hoa-lu-trang-an.html]
[hagiangopentour.com/fr/tour-hanoi-ninh-binh-full-day-bai-dinh-trang-an-mua-cave.html]
[hagiangopentour.com/fr/tour-hanoi-ninh-binh-full-day-hoa-lu-tam-coc-mua-cave.html]
[hagiangopentour.com/fr/tour-hanoi-ninh-binh-1-day-hoa-lu-tam-coc.html]
[hagiangopentour.com/fr/tour-hanoi-ninh-binh-1-day-bai-dinh-trang-an.html]
[hagiangopentour.com/fr/tour-hanoi-ninh-binh-full-day-hoa-lu-trang-an-mua-cave.html]
[hagiangopentour.com/fr/ninh-binh.html]
[hagiangopentour.com/fr/ha-noib6f4.html]
[hagiangopentour.com/fr/ha-noid055.html]
[hagiangopentour.com/fr/ha-noi.html]
[hagiangopentour.com/fr/car-for-rental.html]
[hagiangopentour.com/fr/ha-giang-daily-bus-ticketb6f4.html]
[hagiangopentour.com/fr/ha-giang-daily-bus-ticketd055.html]
[hagiangopentour.com/fr/limousine-bus-ha-giang-hanoi.html]
[hagiangopentour.com/fr/ha-giang-daily-bus-ticket.html]
[hagiangopentour.com/fr/ha-giang-cars-motorbike-for-rentb6f4.html]
[hagiangopentour.com/fr/ha-giang-cars-motorbike-for-rentd055.html]
[hagiangopentour.com/fr/ha-giang-cars-motorbike-for-rent.html]
[hagiangopentour.com/fr/dat-tour7567.html]
[hagiangopentour.com/fr/ha-giang-tour-4-days-3-nights-easy-rider-motorbike.html]
[hagiangopentour.com/fr/tour-ha-noi-ha-giang-cao-bang-ban-gioc-waterfall-4-days-3-nights.html]
[hagiangopentour.com/fr/dat-tourbce2.html]
[hagiangopentour.com/fr/dat-tour004c.html]
[hagiangopentour.com/fr/tour-ha-noi-ha-giang-cao-bang-ban-gioc-waterfall-5-days-4-nights.html]
[hagiangopentour.com/fr/dat-tour64d0.html]
[hagiangopentour.com/fr/tour-ha-noi-ha-giang-ban-gioc-waterfall-ba-be-lake-5-days-4-nights.html]
[hagiangopentour.com/fr/dat-tourab5e.html]
[hagiangopentour.com/fr/ha-giang-tour-3-days-2-nights-ha-giang-loop-car.html]
[hagiangopentour.com/fr/dat-tour084d.html]
[hagiangopentour.com/fr/ha-giang-tour-4-days-3-nights-ha-giang-loop-car.html]
[hagiangopentour.com/fr/dat-tour619c.html]
[hagiangopentour.com/fr/tour-ha-giang-5-days-4-nights-ha-giang-loop-car.html]
[hagiangopentour.com/fr/dat-tour2580.html]
[hagiangopentour.com/fr/ha-giang-tour-3-nights-2-days-ha-giang-loop-car.html]
[hagiangopentour.com/fr/dat-tour6396.html]
[hagiangopentour.com/fr/ha-giang-tour-4-nights-3-days-ha-giang-loop-car.html]
[hagiangopentour.com/fr/dat-toura916.html]
[hagiangopentour.com/fr/ha-giang-tour-3-nights-2-days-easy-rider-motorbike-tour.html]
[hagiangopentour.com/fr/dat-tour98dc.html]
[hagiangopentour.com/fr/ha-giang-tour-4-nights-3-days-easy-rider-motorbike-tour.html]
[hagiangopentour.com/fr/dat-tour7df0.html]
[hagiangopentour.com/fr/ha-giang-tour-3-days-2-nights-private-group.html]
[hagiangopentour.com/fr/dat-tour011a.html]
[hagiangopentour.com/fr/ha-giang-tour-4-nights-3-days-du-gia-village-ha-giang-loop-car.html]
[hagiangopentour.com/fr/dat-tourbb33.html]
[hagiangopentour.com/fr/ha-giang-tour-4-nights-3-days-du-gia-village-motorbike-tour.html]
[hagiangopentour.com/fr/dat-tour2fc6.html]
[hagiangopentour.com/fr/ha-noi-ha-giang-hoang-su-phi-5-days-4-nights.html]
[hagiangopentour.com/fr/dat-tour3221.html]
[hagiangopentour.com/fr/ha-giang-cao-bang-ban-gioc-waterfall-ba-be-lake-tour-6-days-5-nights.html]
[hagiangopentour.com/fr/dat-tour5aaa.html]
[hagiangopentour.com/fr/packages-tour-ha-giang-sapa-5-days-4-nights.html]
[hagiangopentour.com/fr/dat-tourd625.html]
[hagiangopentour.com/fr/packages-tour-ha-giang-sapa-4-days-4-nights.html]
[hagiangopentour.com/fr/dat-tour09c3.html]
[hagiangopentour.com/fr/packages-tour-ha-giang-sapa-6-days-5-nights.html]
[hagiangopentour.com/fr/dat-tour0468.html]
[hagiangopentour.com/fr/ha-giang-tour-3-days-2-nights-loop-jeep-car.html]
[hagiangopentour.com/fr/dat-tourcd7b.html]
[hagiangopentour.com/fr/hanoi-city-tour-full-day-water-puppet.html]
[hagiangopentour.com/fr/dat-tour7147.html]
[hagiangopentour.com/fr/cooking-class-with-market-tour-5-dishes-traditional-cuisine.html]
[hagiangopentour.com/fr/dat-tour9b05.html]
[hagiangopentour.com/fr/phong-nha-ke-bang-national-park-full-day.html]
[hagiangopentour.com/fr/dat-toura6dd.html]
[hagiangopentour.com/fr/cuc-phuong-national-park-full-day.html]
[hagiangopentour.com/fr/dat-toura262.html]
[hagiangopentour.com/fr/ba-na-hill-1-day.html]
[hagiangopentour.com/fr/dat-tour6d44.html]
[hagiangopentour.com/fr/mai-chau-1-day-tour-with-biking.html]
[hagiangopentour.com/fr/dat-tour686a.html]
[hagiangopentour.com/fr/duong-lam-ancient-village-1-day-tour.html]
[hagiangopentour.com/fr/dat-tour7e46.html]
[hagiangopentour.com/fr/perfume-pagoda-01-day.html]
[hagiangopentour.com/fr/dat-tour9bb2.html]
[hagiangopentour.com/fr/tour-hanoi-ninh-binh-full-day-hoa-lu-trang-an-mua-cave-cycling.html]
[hagiangopentour.com/fr/dat-touracbf.html]
[hagiangopentour.com/fr/tour-ninh-binh-2-days-1-night.html]
[hagiangopentour.com/fr/dat-tourd575.html]
[hagiangopentour.com/fr/tour-hanoi-perfume-pagoda-01-day.html]
[hagiangopentour.com/fr/dat-tour0641.html]
[hagiangopentour.com/fr/tour-hanoi-bai-dinh-trang-an-01-day.html]
[hagiangopentour.com/fr/dat-tour1398.html]
[hagiangopentour.com/fr/tour-hanoi-hoa-lu-tam-coc-01-day.html]
[hagiangopentour.com/fr/dat-tour2c6d.html]
[hagiangopentour.com/fr/incense-village-lang-huong-01-day.html]
[hagiangopentour.com/fr/dat-tour9421.html]
[hagiangopentour.com/fr/ha-noi-cao-bang-ban-gioc-waterfall-ba-be-lake-tour-03-days-02-night.html]
[hagiangopentour.com/fr/dat-tourbc58.html]
[hagiangopentour.com/fr/packages-tour-ha-noi-moc-chau-3-days-2-nights.html]
[hagiangopentour.com/fr/dat-tourd8c4.html]
[hagiangopentour.com/fr/packages-tour-ha-noi-sapa-3-days-2-nights-in-hotel.html]
[hagiangopentour.com/fr/dat-tour0f0e.html]
[hagiangopentour.com/fr/incense-village-01-day.html]
[hagiangopentour.com/fr/dat-tour8431.html]
[hagiangopentour.com/fr/hanoi-countryside-jeep-motorbike-vintage-viespa-bicycle-scooter-tours.html]
[hagiangopentour.com/fr/dat-tour76a2.html]
[hagiangopentour.com/fr/hanoi-city-insight-jeep-motorbike-vintage-viespa-bicycle-scooter-tours.html]
[hagiangopentour.com/fr/dat-tour475d.html]
[hagiangopentour.com/fr/hanoi-sightseeing-and-food-tour-by-scooter-4-hours.html]
[hagiangopentour.com/fr/dat-tour4f62.html]
[hagiangopentour.com/fr/hanoi-street-food-walking-tour-small-group.html]
[hagiangopentour.com/fr/upload/images/video/jeeeeppppppppppp.jfif]
[hagiangopentour.com/fr/dat-xe98dc.html]
[hagiangopentour.com/fr/jeep-tour-ha-giang-for-rent.html]
[hagiangopentour.com/fr/dat-xeef73.html]
[hagiangopentour.com/fr/motorbike-rental-110-cc-cheap-price-in-ha-giang.html]
[hagiangopentour.com/fr/dat-xed5e8.html]
[hagiangopentour.com/fr/race-150-cc-motorbike-rental-in-ha-giang.html]
[hagiangopentour.com/fr/dat-xe6fb5.html]
[hagiangopentour.com/fr/car-rental-4-seats-ha-giang-loop.html]
[hagiangopentour.com/fr/dat-xedac1.html]
[hagiangopentour.com/fr/car-7-seats-car-rental-ha-giang-loop.html]
[hagiangopentour.com/fr/dat-xe8bcf.html]
[hagiangopentour.com/fr/car-rental-16-seats-ha-giang-loop.html]
[hagiangopentour.com/fr/dat-xe95dc.html]
[hagiangopentour.com/fr/car-rental-29-seats-ha-giang-loop.html]
[hagiangopentour.com/fr/dat-xe1e35.html]
[hagiangopentour.com/fr/rental-limousine-from-hanoi-to-ha-giang.html]
[hagiangopentour.com/fr/dat-xecdef.html]
[hagiangopentour.com/fr/car-rental-29-45-seats-from-hanoi-to-ha-giang.html]
[hagiangopentour.com/fr/dat-xe4411.html]
[hagiangopentour.com/fr/sleeping-bus-hanoi-ha-giang.html]
[hagiangopentour.com/fr/dat-xef62c.html]
[hagiangopentour.com/fr/limousine-bus-hanoi-ha-giang-tickets.html]
[hagiangopentour.com/fr/dat-xe7df0.html]
[hagiangopentour.com/fr/sleeping-luxury-cabin-bus.html]
[hagiangopentour.com/fr/template/not-found.html]
[hagiangopentour.com/fr/privacy-policy.html]
[hagiangopentour.com/fr/payments.html]
[hagiangopentour.com/fr/policy-book-cancel-tickets.html]
[hagiangopentour.com/fr/travel-experiences.html]
[hagiangopentour.com/fr/G-Q9CCW6K72H.html]
[hagiangopentour.com/fr/Youtube.html]
[hagiangopentour.com/fr/template/backend/js/plugins/toastr/toastr.min.html]
[hagiangopentour.com/fr/template/acore/js/core.html]
[hagiangopentour.com/cho-thue-xe-jeep-tour-ha-giang.html]
[hagiangopentour.com/cho-thue-xe-may-tai-ha-giang-gia-re.html]
[hagiangopentour.com/cho-thue-xe-may-cao-cao-tai-ha-giang.html]
[hagiangopentour.com/cho-thue-xe-o-to-4-cho-du-lich-ha-giang.html]
[hagiangopentour.com/cho-thue-xe-o-to-7-cho-du-lich-ha-giang.html]
[hagiangopentour.com/cho-thue-xe-tour-ha-giang-16-cho-2n1d-3n2d.html]
[hagiangopentour.com/cho-thue-xe-tour-ha-giang-29-cho-2n1d-3n2d.html]
[hagiangopentour.com/cho-thue-xe-limousine-ha-noi-di-ha-giang.html]
[hagiangopentour.com/cho-thue-xe-29-45-cho-tu-ha-noi-di-ha-giang.html]
[hagiangopentour.com/xe-limousine-ha-giang-ha-noi.html]
[hagiangopentour.com/xe-giuong-nam-ha-noi-ha-giang.html]
[hagiangopentour.com/ve-xe-limousine-ha-noi-ha-giang.html]
[hagiangopentour.com/xe-cung-dien-ha-giang.html]
[hagiangopentour.com/introduce.html]
[hagiangopentour.com/ha-giang-destination-to-the-idea.html]
[hagiangopentour.com/free-contact.html]
[hagiangopentour.com/ba-be-lake-ban-gioc-waterfalls.html]
[hagiangopentour.com/ha-giang-tourb6f4.html]
[hagiangopentour.com/ha-giang-tourd055.html]
[hagiangopentour.com/dat-tour7567.html]
[hagiangopentour.com/ha-giang-tour-4-days-3-nights-easy-rider-motorbike.html]
[hagiangopentour.com/dat-tourbce2.html]
[hagiangopentour.com/tour-ha-noi-ha-giang-cao-bang-ban-gioc-waterfall-4-days-3-nights.html]
[hagiangopentour.com/dat-tour004c.html]
[hagiangopentour.com/tour-ha-noi-ha-giang-cao-bang-ban-gioc-waterfall-5-days-4-nights.html]
[hagiangopentour.com/dat-tour64d0.html]
[hagiangopentour.com/tour-ha-noi-ha-giang-ban-gioc-waterfall-ba-be-lake-5-days-4-nights.html]
[hagiangopentour.com/dat-tourab5e.html]
[hagiangopentour.com/ha-giang-tour-3-days-2-nights-ha-giang-loop-car.html]
[hagiangopentour.com/dat-tour084d.html]
[hagiangopentour.com/ha-giang-tour-4-days-3-nights-ha-giang-loop-car.html]
[hagiangopentour.com/dat-tour619c.html]
[hagiangopentour.com/tour-ha-giang-5-days-4-nights-ha-giang-loop-car.html]
[hagiangopentour.com/dat-tour2580.html]
[hagiangopentour.com/ha-giang-tour-3-nights-2-days-ha-giang-loop-car.html]
[hagiangopentour.com/dat-tour6396.html]
[hagiangopentour.com/ha-giang-tour-4-nights-3-days-ha-giang-loop-car.html]
[hagiangopentour.com/dat-toura916.html]
[hagiangopentour.com/ha-giang-tour-3-nights-2-days-easy-rider-motorbike-tour.html]
[hagiangopentour.com/dat-tour98dc.html]
[hagiangopentour.com/ha-giang-tour-4-nights-3-days-easy-rider-motorbike-tour.html]
[hagiangopentour.com/dat-tour7df0.html]
[hagiangopentour.com/ha-giang-tour-3-days-2-nights-private-group.html]
[hagiangopentour.com/dat-tour011a.html]
[hagiangopentour.com/ha-giang-tour-4-nights-3-days-du-gia-village-ha-giang-loop-car.html]
[hagiangopentour.com/dat-tourbb33.html]
[hagiangopentour.com/ha-giang-tour-4-nights-3-days-du-gia-village-motorbike-tour.html]
[hagiangopentour.com/dat-tour2fc6.html]
[hagiangopentour.com/ha-noi-ha-giang-hoang-su-phi-5-days-4-nights.html]
[hagiangopentour.com/dat-tour3221.html]
[hagiangopentour.com/ha-giang-cao-bang-ban-gioc-waterfall-ba-be-lake-tour-6-days-5-nights.html]
[hagiangopentour.com/dat-tour5aaa.html]
[hagiangopentour.com/packages-tour-ha-giang-sapa-5-days-4-nights.html]
[hagiangopentour.com/dat-tourd625.html]
[hagiangopentour.com/packages-tour-ha-giang-sapa-4-days-4-nights.html]
[hagiangopentour.com/dat-tour09c3.html]
[hagiangopentour.com/packages-tour-ha-giang-sapa-6-days-5-nights.html]
[hagiangopentour.com/dat-tour0468.html]
[hagiangopentour.com/ha-giang-tour-3-days-2-nights-loop-jeep-car.html]
[hagiangopentour.com/dat-tourb182.html]
[hagiangopentour.com/ha-giang-tour-4-days-3-nights-loop-jeep-car.html]
[hagiangopentour.com/dat-tour132f.html]
[hagiangopentour.com/tour-ha-giang-5-days-4-nights-loop-jeep-car.html]
[hagiangopentour.com/dat-tour4c30.html]
[hagiangopentour.com/ha-giang-tour-3-nights-2-days-loop-jeep-car.html]
[hagiangopentour.com/dat-tour662f.html]
[hagiangopentour.com/ha-giang-tour-4-nights-3-days-loop-jeep-car.html]
[hagiangopentour.com/dat-tour294f.html]
[hagiangopentour.com/ha-giang-tour-4-nights-3-days-du-gia-village-loop-jeep-car.html]
[hagiangopentour.com/dat-tourb27c.html]
[hagiangopentour.com/tour-ha-giang-hoang-su-phi-2-days-1-night.html]
[hagiangopentour.com/ha-giang-loop-carb6f4.html]
[hagiangopentour.com/ha-giang-loop-card055.html]
[hagiangopentour.com/ha-giang-loop-motorbikeb6f4.html]
[hagiangopentour.com/ha-giang-loop-motorbiked055.html]
[hagiangopentour.com/ha-giang-loop-jeep-tourb6f4.html]
[hagiangopentour.com/ha-giang-loop-jeep-tourd055.html]
[hagiangopentour.com/ha-giang-hoang-su-phib6f4.html]
[hagiangopentour.com/ha-giang-hoang-su-phid055.html]
[hagiangopentour.com/ha-giang-sapab6f4.html]
[hagiangopentour.com/ha-giang-sapad055.html]
[hagiangopentour.com/ha-giang-ban-gioc-waterfall-ba-be-lakeb6f4.html]
[hagiangopentour.com/ha-giang-ban-gioc-waterfall-ba-be-laked055.html]
[hagiangopentour.com/north-vietnam-packages-tour/trang-2b6f4.html]
[hagiangopentour.com/north-vietnam-packages-tourb6f4.html]
[hagiangopentour.com/north-vietnam-packages-tour/trang-2d055.html]
[hagiangopentour.com/north-vietnam-packages-tourd055.html]
[hagiangopentour.com/north-vietnam-packages-tour/trang-2.html]
[hagiangopentour.com/dat-tourcd7b.html]
[hagiangopentour.com/hanoi-city-tour-full-day-water-puppet.html]
[hagiangopentour.com/dat-tour7147.html]
[hagiangopentour.com/cooking-class-with-market-tour-5-dishes-traditional-cuisine.html]
[hagiangopentour.com/dat-tour9b05.html]
[hagiangopentour.com/phong-nha-ke-bang-national-park-full-day.html]
[hagiangopentour.com/dat-toura6dd.html]
[hagiangopentour.com/cuc-phuong-national-park-full-day.html]
[hagiangopentour.com/dat-toura262.html]
[hagiangopentour.com/ba-na-hill-1-day.html]
[hagiangopentour.com/dat-tour6d44.html]
[hagiangopentour.com/mai-chau-1-day-tour-with-biking.html]
[hagiangopentour.com/dat-tour686a.html]
[hagiangopentour.com/duong-lam-ancient-village-1-day-tour.html]
[hagiangopentour.com/dat-tour7e46.html]
[hagiangopentour.com/perfume-pagoda-01-day.html]
[hagiangopentour.com/dat-tour9bb2.html]
[hagiangopentour.com/tour-hanoi-ninh-binh-full-day-hoa-lu-trang-an-mua-cave-cycling.html]
[hagiangopentour.com/dat-touracbf.html]
[hagiangopentour.com/tour-ninh-binh-2-days-1-night.html]
[hagiangopentour.com/dat-tourd575.html]
[hagiangopentour.com/tour-hanoi-perfume-pagoda-01-day.html]
[hagiangopentour.com/dat-tour0641.html]
[hagiangopentour.com/tour-hanoi-bai-dinh-trang-an-01-day.html]
[hagiangopentour.com/dat-tour1398.html]
[hagiangopentour.com/tour-hanoi-hoa-lu-tam-coc-01-day.html]
[hagiangopentour.com/dat-tour2c6d.html]
[hagiangopentour.com/incense-village-lang-huong-01-day.html]
[hagiangopentour.com/dat-tour9421.html]
[hagiangopentour.com/ha-noi-cao-bang-ban-gioc-waterfall-ba-be-lake-tour-03-days-02-night.html]
[hagiangopentour.com/dat-tourbc58.html]
[hagiangopentour.com/packages-tour-ha-noi-moc-chau-3-days-2-nights.html]
[hagiangopentour.com/dat-tourd8c4.html]
[hagiangopentour.com/packages-tour-ha-noi-sapa-3-days-2-nights-in-hotel.html]
[hagiangopentour.com/dat-toure27e.html]
[hagiangopentour.com/packages-tour-ha-noi-sapa-trekking-2-days-3-nights.html]
[hagiangopentour.com/dat-tour1a6a.html]
[hagiangopentour.com/packages-tour-ha-noi-sapa-3-days-2-nights-01-night-hotel-01-night-homestay.html]
[hagiangopentour.com/dat-tour23df.html]
[hagiangopentour.com/packages-tour-ha-noi-sapa-2-days-1-night.html]
[hagiangopentour.com/dat-tour8431.html]
[hagiangopentour.com/hanoi-countryside-jeep-motorbike-vintage-viespa-bicycle-scooter-tours.html]
[hagiangopentour.com/dat-tour76a2.html]
[hagiangopentour.com/hanoi-city-insight-jeep-motorbike-vintage-viespa-bicycle-scooter-tours.html]
[hagiangopentour.com/dat-tour475d.html]
[hagiangopentour.com/hanoi-sightseeing-and-food-tour-by-scooter-4-hours.html]
[hagiangopentour.com/dat-tour4f62.html]
[hagiangopentour.com/hanoi-street-food-walking-tour-small-group.html]
[hagiangopentour.com/dat-tour3ebc.html]
[hagiangopentour.com/tour-ha-noi-hoa-lu-tam-coc-mua-cave-01-day.html]
[hagiangopentour.com/dat-tour7d36.html]
[hagiangopentour.com/hanoi-ha-long-hanoi-1-day-cruise.html]
[hagiangopentour.com/dat-tour4944.html]
[hagiangopentour.com/cruise-2-days-1-night-ha-long-bay-lan-ha-bay.html]
[hagiangopentour.com/1-day-packagesb6f4.html]
[hagiangopentour.com/1-day-packagesd055.html]
[hagiangopentour.com/2-days-packagesb6f4.html]
[hagiangopentour.com/2-days-packagesd055.html]
[hagiangopentour.com/3-days-packagesb6f4.html]
[hagiangopentour.com/3-days-packagesd055.html]
[hagiangopentour.com/4-days-packagesb6f4.html]
[hagiangopentour.com/4-days-packagesd055.html]
[hagiangopentour.com/5-days-packagesb6f4.html]
[hagiangopentour.com/5-days-packagesd055.html]
[hagiangopentour.com/6-days-packagesb6f4.html]
[hagiangopentour.com/6-days-packagesd055.html]
[hagiangopentour.com/ha-long-bayb6f4.html]
[hagiangopentour.com/ha-long-bayd055.html]
[hagiangopentour.com/sapab6f4.html]
[hagiangopentour.com/sapad055.html]
[hagiangopentour.com/ninh-binhb6f4.html]
[hagiangopentour.com/ninh-binhd055.html]
[hagiangopentour.com/tour-hanoi-ninh-binh-full-day-hoa-lu-trang-an.html]
[hagiangopentour.com/dat-tourc17f.html]
[hagiangopentour.com/dat-tourb4cd.html]
[hagiangopentour.com/tour-hanoi-ninh-binh-full-day-bai-dinh-trang-an-mua-cave.html]
[hagiangopentour.com/dat-tour4b61.html]
[hagiangopentour.com/tour-hanoi-ninh-binh-full-day-hoa-lu-tam-coc-mua-cave.html]
[hagiangopentour.com/dat-tour97d4.html]
[hagiangopentour.com/tour-hanoi-ninh-binh-1-day-hoa-lu-tam-coc.html]
[hagiangopentour.com/dat-tour0d7d.html]
[hagiangopentour.com/tour-hanoi-ninh-binh-1-day-bai-dinh-trang-an.html]
[hagiangopentour.com/dat-tour5cee.html]
[hagiangopentour.com/tour-hanoi-ninh-binh-full-day-hoa-lu-trang-an-mua-cave.html]
[hagiangopentour.com/ha-noib6f4.html]
[hagiangopentour.com/ha-noid055.html]
[hagiangopentour.com/dat-tour0f0e.html]
[hagiangopentour.com/incense-village-01-day.html]
[hagiangopentour.com/car-for-rentalb6f4.html]
[hagiangopentour.com/car-for-rentald055.html]
[hagiangopentour.com/car-for-rental.html]
[hagiangopentour.com/ha-giang-daily-bus-ticketb6f4.html]
[hagiangopentour.com/ha-giang-daily-bus-ticketd055.html]
[hagiangopentour.com/dat-xe7df0.html]
[hagiangopentour.com/sleeping-luxury-cabin-bus.html]
[hagiangopentour.com/dat-xeab5e.html]
[hagiangopentour.com/limousine-bus-ha-giang-hanoi.html]
[hagiangopentour.com/dat-xe4411.html]
[hagiangopentour.com/sleeping-bus-hanoi-ha-giang.html]
[hagiangopentour.com/dat-xef62c.html]
[hagiangopentour.com/limousine-bus-hanoi-ha-giang-tickets.html]
[hagiangopentour.com/ha-giang-cars-motorbike-for-rentb6f4.html]
[hagiangopentour.com/ha-giang-cars-motorbike-for-rentd055.html]
[hagiangopentour.com/dat-xecdef.html]
[hagiangopentour.com/car-rental-29-45-seats-from-hanoi-to-ha-giang.html]
[hagiangopentour.com/dat-xe1e35.html]
[hagiangopentour.com/rental-limousine-from-hanoi-to-ha-giang.html]
[hagiangopentour.com/dat-xe95dc.html]
[hagiangopentour.com/car-rental-29-seats-ha-giang-loop.html]
[hagiangopentour.com/dat-xe8bcf.html]
[hagiangopentour.com/car-rental-16-seats-ha-giang-loop.html]
[hagiangopentour.com/dat-xedac1.html]
[hagiangopentour.com/car-7-seats-car-rental-ha-giang-loop.html]
[hagiangopentour.com/dat-xe6fb5.html]
[hagiangopentour.com/car-rental-4-seats-ha-giang-loop.html]
[hagiangopentour.com/dat-xed5e8.html]
[hagiangopentour.com/race-150-cc-motorbike-rental-in-ha-giang.html]
[hagiangopentour.com/dat-xeef73.html]
[hagiangopentour.com/motorbike-rental-110-cc-cheap-price-in-ha-giang.html]
[hagiangopentour.com/dat-xe98dc.html]
[hagiangopentour.com/jeep-tour-ha-giang-for-rent.html]
[hagiangopentour.com/xe-cung-dien-ha-giang-ha-giang-open-tour.html]
[hagiangopentour.com/ha-giang-cho-thue-xe-may-cao-cao.html]
[hagiangopentour.com/cho-thue-xe-may-wave-110-tai-ha-giang.html]
[hagiangopentour.com/ve-xe-cung-dien-ha-giang.html]
[hagiangopentour.com/en/upload/images/anh-tour/5(1).html]
[hagiangopentour.com/en/introduce.html]
[hagiangopentour.com/en/ha-giang-destination-to-the-idea.html]
[hagiangopentour.com/en/free-contact.html]
[hagiangopentour.com/en/ba-be-lake-ban-gioc-waterfalls.html]
[hagiangopentour.com/en/ha-giang-tourb6f4.html]
[hagiangopentour.com/en/ha-giang-tourd055.html]
[hagiangopentour.com/en/dat-tourb182.html]
[hagiangopentour.com/en/ha-giang-tour-4-days-3-nights-loop-jeep-car.html]
[hagiangopentour.com/en/dat-tour132f.html]
[hagiangopentour.com/en/tour-ha-giang-5-days-4-nights-loop-jeep-car.html]
[hagiangopentour.com/en/dat-tour4c30.html]
[hagiangopentour.com/en/ha-giang-tour-3-nights-2-days-loop-jeep-car.html]
[hagiangopentour.com/en/dat-tour662f.html]
[hagiangopentour.com/en/ha-giang-tour-4-nights-3-days-loop-jeep-car.html]
[hagiangopentour.com/en/dat-tour294f.html]
[hagiangopentour.com/en/ha-giang-tour-4-nights-3-days-du-gia-village-loop-jeep-car.html]
[hagiangopentour.com/en/dat-tourb27c.html]
[hagiangopentour.com/en/tour-ha-giang-hoang-su-phi-2-days-1-night.html]
[hagiangopentour.com/en/upload/images/doc-chu-m-ha-giang-open-tour.html]
[hagiangopentour.com/en/ha-giang-loop-carb6f4.html]
[hagiangopentour.com/en/ha-giang-loop-card055.html]
[hagiangopentour.com/en/upload/images/anh-tour-6/z2197647055793-d1b9ddd53a914eebe866f7be9ae8e040.html]
[hagiangopentour.com/en/ha-giang-loop-motorbikeb6f4.html]
[hagiangopentour.com/en/ha-giang-loop-motorbiked055.html]
[hagiangopentour.com/en/upload/images/caravan-hg/tour-xe-jeep.html]
[hagiangopentour.com/en/ha-giang-loop-jeep-tourb6f4.html]
[hagiangopentour.com/en/ha-giang-loop-jeep-tourd055.html]
[hagiangopentour.com/en/upload/images/du-lich-hoang-su-phi-2.html]
[hagiangopentour.com/en/ha-giang-hoang-su-phib6f4.html]
[hagiangopentour.com/en/ha-giang-hoang-su-phid055.html]
[hagiangopentour.com/en/upload/images/fansipan-sapa-ha-giang-open-tour.html]
[hagiangopentour.com/en/ha-giang-sapab6f4.html]
[hagiangopentour.com/en/ha-giang-sapad055.html]
[hagiangopentour.com/en/upload/images/deo-ma-pi-leng-ha-giang-open-tour.html]
[hagiangopentour.com/en/ha-giang-ban-gioc-waterfall-ba-be-lakeb6f4.html]
[hagiangopentour.com/en/ha-giang-ban-gioc-waterfall-ba-be-laked055.html]
[hagiangopentour.com/en/.html]
[hagiangopentour.com/en/upload/images/anh-tour/du-lich-ha-long.html]
[hagiangopentour.com/en/b6f4.html]
[hagiangopentour.com/en/d055.html]
[hagiangopentour.com/en/upload/images/image-20220715115058-1.html]
[hagiangopentour.com/en/upload/images/anh-tour/du-lich-mien-bac-ha-giang-thac-ban-gioc-ho-ba-be-5-ngay-4-dem.html]
[hagiangopentour.com/en/north-vietnam-packages-tour/trang-2b6f4.html]
[hagiangopentour.com/en/north-vietnam-packages-tourb6f4.html]
[hagiangopentour.com/en/north-vietnam-packages-tour/trang-2d055.html]
[hagiangopentour.com/en/north-vietnam-packages-tourd055.html]
[hagiangopentour.com/en/north-vietnam-packages-tour/trang-2.html]
[hagiangopentour.com/en/dat-toure27e.html]
[hagiangopentour.com/en/packages-tour-ha-noi-sapa-trekking-2-days-3-nights.html]
[hagiangopentour.com/en/dat-tour1a6a.html]
[hagiangopentour.com/en/packages-tour-ha-noi-sapa-3-days-2-nights-01-night-hotel-01-night-homestay.html]
[hagiangopentour.com/en/dat-tour23df.html]
[hagiangopentour.com/en/packages-tour-ha-noi-sapa-2-days-1-night.html]
[hagiangopentour.com/en/dat-tour3ebc.html]
[hagiangopentour.com/en/tour-ha-noi-hoa-lu-tam-coc-mua-cave-01-day.html]
[hagiangopentour.com/en/dat-tour7d36.html]
[hagiangopentour.com/en/hanoi-ha-long-hanoi-1-day-cruise.html]
[hagiangopentour.com/en/dat-tour4944.html]
[hagiangopentour.com/en/cruise-2-days-1-night-ha-long-bay-lan-ha-bay.html]
[hagiangopentour.com/en/upload/images/anh-tour/ho-hoan-kiem.html]
[hagiangopentour.com/en/1-day-packagesb6f4.html]
[hagiangopentour.com/en/1-day-packagesd055.html]
[hagiangopentour.com/en/upload/images/anh-tour/du-lich-ha-long-2-ngay-1-dem.html]
[hagiangopentour.com/en/2-days-packagesb6f4.html]
[hagiangopentour.com/en/2-days-packagesd055.html]
[hagiangopentour.com/en/upload/images/anh-tour/du-lich-ho-ba-be-thac-ban-gioc.html]
[hagiangopentour.com/en/3-days-packagesb6f4.html]
[hagiangopentour.com/en/3-days-packagesd055.html]
[hagiangopentour.com/en/upload/images/anh-tour/deo-pha-din-ha-giang-open-tour.html]
[hagiangopentour.com/en/4-days-packagesb6f4.html]
[hagiangopentour.com/en/4-days-packagesd055.html]
[hagiangopentour.com/en/upload/images/anh-tour/ngam-song-nho-que-ha-giang-open-tour.html]
[hagiangopentour.com/en/5-days-packagesb6f4.html]
[hagiangopentour.com/en/5-days-packagesd055.html]
[hagiangopentour.com/en/6-days-packagesb6f4.html]
[hagiangopentour.com/en/6-days-packagesd055.html]
[hagiangopentour.com/en/upload/images/doc-tham-ma-ha-giang-open-tour.html]
[hagiangopentour.com/en/ha-long-bayb6f4.html]
[hagiangopentour.com/en/ha-long-bayd055.html]
[hagiangopentour.com/en/sapab6f4.html]
[hagiangopentour.com/en/sapad055.html]
[hagiangopentour.com/en/ninh-binhb6f4.html]
[hagiangopentour.com/en/ninh-binhd055.html]
[hagiangopentour.com/en/dat-tourc17f.html]
[hagiangopentour.com/en/tour-hanoi-ninh-binh-full-day-hoa-lu-trang-an.html]
[hagiangopentour.com/en/dat-tourb4cd.html]
[hagiangopentour.com/en/tour-hanoi-ninh-binh-full-day-bai-dinh-trang-an-mua-cave.html]
[hagiangopentour.com/en/dat-tour4b61.html]
[hagiangopentour.com/en/tour-hanoi-ninh-binh-full-day-hoa-lu-tam-coc-mua-cave.html]
[hagiangopentour.com/en/dat-tour97d4.html]
[hagiangopentour.com/en/tour-hanoi-ninh-binh-1-day-hoa-lu-tam-coc.html]
[hagiangopentour.com/en/dat-tour0d7d.html]
[hagiangopentour.com/en/tour-hanoi-ninh-binh-1-day-bai-dinh-trang-an.html]
[hagiangopentour.com/en/dat-tour5cee.html]
[hagiangopentour.com/en/tour-hanoi-ninh-binh-full-day-hoa-lu-trang-an-mua-cave.html]
[hagiangopentour.com/en/ha-noib6f4.html]
[hagiangopentour.com/en/ha-noid055.html]
[hagiangopentour.com/en/car-for-rentalb6f4.html]
[hagiangopentour.com/en/car-for-rentald055.html]
[hagiangopentour.com/en/car-for-rental.html]
[hagiangopentour.com/en/ha-giang-daily-bus-ticketb6f4.html]
[hagiangopentour.com/en/ha-giang-daily-bus-ticketd055.html]
[hagiangopentour.com/en/dat-xeab5e.html]
[hagiangopentour.com/en/limousine-bus-ha-giang-hanoi.html]
[hagiangopentour.com/en/ha-giang-cars-motorbike-for-rentb6f4.html]
[hagiangopentour.com/en/ha-giang-cars-motorbike-for-rentd055.html]
[hagiangopentour.com/en/upload/images/121111.html]
[hagiangopentour.com/en/dat-tour7567.html]
[hagiangopentour.com/en/upload/images/thac-ban-gioc(1).html]
[hagiangopentour.com/en/dat-tourbce2.html]
[hagiangopentour.com/en/upload/images/ban-gioc-waterfall-3.html]
[hagiangopentour.com/en/dat-tour004c.html]
[hagiangopentour.com/en/upload/images/ba-be.html]
[hagiangopentour.com/en/dat-tour64d0.html]
[hagiangopentour.com/en/upload/images/anh-tour-3/z2197647532655-0e41e17407a74671b53fe78a4ac6b917.html]
[hagiangopentour.com/en/dat-tourab5e.html]
[hagiangopentour.com/en/upload/images/anh-tour/ban-lo-lo-chai-wecheckin-2.html]
[hagiangopentour.com/en/dat-tour084d.html]
[hagiangopentour.com/en/upload/images/anh-tour-3/45d22f9a1f8eeed0b79f.html]
[hagiangopentour.com/en/dat-tour619c.html]
[hagiangopentour.com/en/upload/images/anh-tour-3/z2197647457399-e7cd8982dd6a0b8b30c06c2a9b63f27a.html]
[hagiangopentour.com/en/dat-tour2580.html]
[hagiangopentour.com/en/upload/images/anh-tour-3/cot-co-lung-cu.html]
[hagiangopentour.com/en/dat-tour6396.html]
[hagiangopentour.com/en/upload/images/anh-tour-3/z2197647553360-f2020210de0c87877a3db189570381aa.html]
[hagiangopentour.com/en/dat-toura916.html]
[hagiangopentour.com/en/upload/images/anh-tour-3/z2197647059772-092269460cb163dca07b1097229881a6.html]
[hagiangopentour.com/en/dat-tour98dc.html]
[hagiangopentour.com/en/upload/images/anh-tour-3/doc-tham-ma-2.html]
[hagiangopentour.com/en/dat-tour7df0.html]
[hagiangopentour.com/en/dat-tour011a.html]
[hagiangopentour.com/en/upload/images/anh-tour/f935f8b6060cc9a237a896af3387b85a.html]
[hagiangopentour.com/en/dat-tourbb33.html]
[hagiangopentour.com/en/upload/images/anh-tour-3/nui-doi-co-tien-o-ha-giang.html]
[hagiangopentour.com/en/dat-tour2fc6.html]
[hagiangopentour.com/en/upload/images/121.html]
[hagiangopentour.com/en/dat-tour3221.html]
[hagiangopentour.com/en/upload/images/ta-van-village.html]
[hagiangopentour.com/en/dat-tour5aaa.html]
[hagiangopentour.com/en/dat-tourd625.html]
[hagiangopentour.com/en/upload/images/anh-tour/sapaaaaaaa.html]
[hagiangopentour.com/en/dat-tour09c3.html]
[hagiangopentour.com/en/dat-tour0468.html]
[hagiangopentour.com/en/upload/images/mua-roi-nuoc.html]
[hagiangopentour.com/en/dat-tourcd7b.html]
[hagiangopentour.com/en/upload/images/screen-shot-2023-12-30-at-6.03.31-pm.html]
[hagiangopentour.com/en/dat-tour7147.html]
[hagiangopentour.com/en/upload/images/anh-tour-5/tour-phong-nha-ke-bang-tu-ha-noi.html]
[hagiangopentour.com/en/dat-tour9b05.html]
[hagiangopentour.com/en/upload/images/20201207155042-cuc2.html]
[hagiangopentour.com/en/dat-toura6dd.html]
[hagiangopentour.com/en/upload/images/tour-ba-na-hills-1-ngay-2.html]
[hagiangopentour.com/en/dat-toura262.html]
[hagiangopentour.com/en/upload/images/mai-chau-day-tour.html]
[hagiangopentour.com/en/dat-tour6d44.html]
[hagiangopentour.com/en/upload/images/duong-lam-cong-lang.html]
[hagiangopentour.com/en/dat-tour686a.html]
[hagiangopentour.com/en/upload/images/huong-tich-cave-4-(1).html]
[hagiangopentour.com/en/dat-tour7e46.html]
[hagiangopentour.com/en/upload/images/trang-an-scenic-landscape-complex-culture-pham-travel-30.html]
[hagiangopentour.com/en/dat-tour9bb2.html]
[hagiangopentour.com/en/upload/images/hang-mua-ninh-binh-1.html]
[hagiangopentour.com/en/dat-touracbf.html]
[hagiangopentour.com/en/upload/images/hn3.html]
[hagiangopentour.com/en/dat-tourd575.html]
[hagiangopentour.com/en/dat-tour0641.html]
[hagiangopentour.com/en/upload/images/image(17).html]
[hagiangopentour.com/en/dat-tour1398.html]
[hagiangopentour.com/en/upload/images/vietnamcraft1.html]
[hagiangopentour.com/en/dat-tour2c6d.html]
[hagiangopentour.com/en/upload/images/4.html]
[hagiangopentour.com/en/dat-tour9421.html]
[hagiangopentour.com/ha-noi-cao-bang-–-ban-gioc-waterfall-–-ba-be-lake-tour-03-days-02-night.html]
[hagiangopentour.com/en/upload/images/anh-tour/moc-chau.html]
[hagiangopentour.com/en/dat-tourbc58.html]
[hagiangopentour.com/packages-tour-ha-noi-moc-chau-3-days-2-nights-2.html]
[hagiangopentour.com/en/upload/images/muong-hoa-valley.html]
[hagiangopentour.com/en/dat-tourd8c4.html]
[hagiangopentour.com/en/dat-tour0f0e.html]
[hagiangopentour.com/en/upload/images/hanoi-food/z3850780299349-32265c5f44bbaa1e6280d3625f71f408.html]
[hagiangopentour.com/en/dat-tour8431.html]
[hagiangopentour.com/en/upload/images/hanoi-food/z3850780324281-647b3085736fa3438bcc099243c208ef.html]
[hagiangopentour.com/en/dat-tour76a2.html]
[hagiangopentour.com/en/upload/images/hanoi-food/32-1.html]
[hagiangopentour.com/en/dat-tour475d.html]
[hagiangopentour.com/en/upload/images/hanoi-food/hanoi-street-food-walking-tour-sitting-on-side-walk.html]
[hagiangopentour.com/en/dat-tour4f62.html]
[hagiangopentour.com/en/upload/images/video/jeeeeppppppppppp.html]
[hagiangopentour.com/en/dat-xe98dc.html]
[hagiangopentour.com/en/upload/images/anh-cho-thue-xe/4.html]
[hagiangopentour.com/en/dat-xeef73.html]
[hagiangopentour.com/en/upload/images/anh-cho-thue-xe/cao.html]
[hagiangopentour.com/en/dat-xed5e8.html]
[hagiangopentour.com/en/upload/images/anh-cho-thue-xe/4-cho.html]
[hagiangopentour.com/en/dat-xe6fb5.html]
[hagiangopentour.com/en/upload/images/anh-cho-thue-xe/7-cho.html]
[hagiangopentour.com/en/dat-xedac1.html]
[hagiangopentour.com/en/upload/images/tour-1/xe-16-cho.html]
[hagiangopentour.com/en/dat-xe8bcf.html]
[hagiangopentour.com/en/upload/images/anh-cho-thue-xe/29.html]
[hagiangopentour.com/en/dat-xe95dc.html]
[hagiangopentour.com/en/upload/images/anh-cho-thue-xe/z2225978720906-c10c36c4baf02b615f52e123d5ff0c62.html]
[hagiangopentour.com/en/dat-xe1e35.html]
[hagiangopentour.com/en/upload/images/anh-cho-thue-xe/29-cho.html]
[hagiangopentour.com/en/dat-xecdef.html]
[hagiangopentour.com/ve-xe-cung-dien-ha-noi-ha-giang.html]
[hagiangopentour.com/en/upload/images/anh-cho-thue-xe/xe-giuong-nam.html]
[hagiangopentour.com/en/dat-xe4411.html]
[hagiangopentour.com/en/upload/images/anh-cho-thue-xe/ha-giang-epic-limousine.html]
[hagiangopentour.com/en/dat-xef62c.html]
[hagiangopentour.com/en/upload/images/anh-cho-thue-xe/xe-cung-dien-bang-han-ha-giang.html]
[hagiangopentour.com/en/dat-xe7df0.html]
[hagiangopentour.com/en/upload/images/chinh-sach-bao-mat-thong-tin.html]
[hagiangopentour.com/en/upload/images/ttttt.html]
[hagiangopentour.com/en/upload/images/chinh-sach-hoan-huy-tour-ve.html]
[hagiangopentour.com/fr/upload/images/anh-tour/5(1).html]
[hagiangopentour.com/fr/introduce.html]
[hagiangopentour.com/fr/ha-giang-destination-to-the-idea.html]
[hagiangopentour.com/fr/free-contact.html]
[hagiangopentour.com/fr/ba-be-lake-ban-gioc-waterfalls.html]
[hagiangopentour.com/fr/ha-giang-tourb6f4.html]
[hagiangopentour.com/fr/ha-giang-tourd055.html]
[hagiangopentour.com/fr/dat-tourb182.html]
[hagiangopentour.com/fr/ha-giang-tour-4-days-3-nights-loop-jeep-car.html]
[hagiangopentour.com/fr/dat-tour132f.html]
[hagiangopentour.com/fr/tour-ha-giang-5-days-4-nights-loop-jeep-car.html]
[hagiangopentour.com/fr/dat-tour4c30.html]
[hagiangopentour.com/fr/ha-giang-tour-3-nights-2-days-loop-jeep-car.html]
[hagiangopentour.com/fr/dat-tour662f.html]
[hagiangopentour.com/fr/ha-giang-tour-4-nights-3-days-loop-jeep-car.html]
[hagiangopentour.com/fr/dat-tour294f.html]
[hagiangopentour.com/fr/ha-giang-tour-4-nights-3-days-du-gia-village-loop-jeep-car.html]
[hagiangopentour.com/fr/dat-tourb27c.html]
[hagiangopentour.com/fr/tour-ha-giang-hoang-su-phi-2-days-1-night.html]
[hagiangopentour.com/fr/upload/images/doc-chu-m-ha-giang-open-tour.html]
[hagiangopentour.com/fr/ha-giang-loop-carb6f4.html]
[hagiangopentour.com/fr/ha-giang-loop-card055.html]
[hagiangopentour.com/fr/upload/images/anh-tour-6/z2197647055793-d1b9ddd53a914eebe866f7be9ae8e040.html]
[hagiangopentour.com/fr/ha-giang-loop-motorbikeb6f4.html]
[hagiangopentour.com/fr/ha-giang-loop-motorbiked055.html]
[hagiangopentour.com/fr/upload/images/caravan-hg/tour-xe-jeep.html]
[hagiangopentour.com/fr/ha-giang-loop-jeep-tourb6f4.html]
[hagiangopentour.com/fr/ha-giang-loop-jeep-tourd055.html]
[hagiangopentour.com/fr/upload/images/du-lich-hoang-su-phi-2.html]
[hagiangopentour.com/fr/ha-giang-hoang-su-phib6f4.html]
[hagiangopentour.com/fr/ha-giang-hoang-su-phid055.html]
[hagiangopentour.com/fr/upload/images/fansipan-sapa-ha-giang-open-tour.html]
[hagiangopentour.com/fr/ha-giang-sapab6f4.html]
[hagiangopentour.com/fr/ha-giang-sapad055.html]
[hagiangopentour.com/fr/upload/images/deo-ma-pi-leng-ha-giang-open-tour.html]
[hagiangopentour.com/fr/ha-giang-ban-gioc-waterfall-ba-be-lakeb6f4.html]
[hagiangopentour.com/fr/ha-giang-ban-gioc-waterfall-ba-be-laked055.html]
[hagiangopentour.com/fr/.html]
[hagiangopentour.com/fr/upload/images/anh-tour/du-lich-ha-long.html]
[hagiangopentour.com/fr/b6f4.html]
[hagiangopentour.com/fr/d055.html]
[hagiangopentour.com/fr/upload/images/image-20220715115058-1.html]
[hagiangopentour.com/fr/upload/images/anh-tour/du-lich-mien-bac-ha-giang-thac-ban-gioc-ho-ba-be-5-ngay-4-dem.html]
[hagiangopentour.com/fr/north-vietnam-packages-tour/trang-2b6f4.html]
[hagiangopentour.com/fr/north-vietnam-packages-tourb6f4.html]
[hagiangopentour.com/fr/north-vietnam-packages-tour/trang-2d055.html]
[hagiangopentour.com/fr/north-vietnam-packages-tourd055.html]
[hagiangopentour.com/fr/north-vietnam-packages-tour/trang-2.html]
[hagiangopentour.com/fr/dat-toure27e.html]
[hagiangopentour.com/fr/packages-tour-ha-noi-sapa-trekking-2-days-3-nights.html]
[hagiangopentour.com/fr/dat-tour1a6a.html]
[hagiangopentour.com/fr/packages-tour-ha-noi-sapa-3-days-2-nights-01-night-hotel-01-night-homestay.html]
[hagiangopentour.com/fr/dat-tour23df.html]
[hagiangopentour.com/fr/packages-tour-ha-noi-sapa-2-days-1-night.html]
[hagiangopentour.com/fr/dat-tour3ebc.html]
[hagiangopentour.com/fr/tour-ha-noi-hoa-lu-tam-coc-mua-cave-01-day.html]
[hagiangopentour.com/fr/dat-tour7d36.html]
[hagiangopentour.com/fr/hanoi-ha-long-hanoi-1-day-cruise.html]
[hagiangopentour.com/fr/dat-tour4944.html]
[hagiangopentour.com/fr/cruise-2-days-1-night-ha-long-bay-lan-ha-bay.html]
[hagiangopentour.com/fr/upload/images/anh-tour/ho-hoan-kiem.html]
[hagiangopentour.com/fr/1-day-packagesb6f4.html]
[hagiangopentour.com/fr/1-day-packagesd055.html]
[hagiangopentour.com/fr/upload/images/anh-tour/du-lich-ha-long-2-ngay-1-dem.html]
[hagiangopentour.com/fr/2-days-packagesb6f4.html]
[hagiangopentour.com/fr/2-days-packagesd055.html]
[hagiangopentour.com/fr/upload/images/anh-tour/du-lich-ho-ba-be-thac-ban-gioc.html]
[hagiangopentour.com/fr/3-days-packagesb6f4.html]
[hagiangopentour.com/fr/3-days-packagesd055.html]
[hagiangopentour.com/fr/upload/images/anh-tour/deo-pha-din-ha-giang-open-tour.html]
[hagiangopentour.com/fr/4-days-packagesb6f4.html]
[hagiangopentour.com/fr/4-days-packagesd055.html]
[hagiangopentour.com/fr/upload/images/anh-tour/ngam-song-nho-que-ha-giang-open-tour.html]
[hagiangopentour.com/fr/5-days-packagesb6f4.html]
[hagiangopentour.com/fr/5-days-packagesd055.html]
[hagiangopentour.com/fr/6-days-packagesb6f4.html]
[hagiangopentour.com/fr/6-days-packagesd055.html]
[hagiangopentour.com/fr/upload/images/doc-tham-ma-ha-giang-open-tour.html]
[hagiangopentour.com/fr/ha-long-bayb6f4.html]
[hagiangopentour.com/fr/ha-long-bayd055.html]
[hagiangopentour.com/fr/sapab6f4.html]
[hagiangopentour.com/fr/sapad055.html]
[hagiangopentour.com/fr/ninh-binhb6f4.html]
[hagiangopentour.com/fr/ninh-binhd055.html]
[hagiangopentour.com/fr/dat-tourc17f.html]
[hagiangopentour.com/fr/tour-hanoi-ninh-binh-full-day-hoa-lu-trang-an.html]
[hagiangopentour.com/fr/dat-tourb4cd.html]
[hagiangopentour.com/fr/tour-hanoi-ninh-binh-full-day-bai-dinh-trang-an-mua-cave.html]
[hagiangopentour.com/fr/dat-tour4b61.html]
[hagiangopentour.com/fr/tour-hanoi-ninh-binh-full-day-hoa-lu-tam-coc-mua-cave.html]
[hagiangopentour.com/fr/dat-tour97d4.html]
[hagiangopentour.com/fr/tour-hanoi-ninh-binh-1-day-hoa-lu-tam-coc.html]
[hagiangopentour.com/fr/dat-tour0d7d.html]
[hagiangopentour.com/fr/tour-hanoi-ninh-binh-1-day-bai-dinh-trang-an.html]
[hagiangopentour.com/fr/dat-tour5cee.html]
[hagiangopentour.com/fr/tour-hanoi-ninh-binh-full-day-hoa-lu-trang-an-mua-cave.html]
[hagiangopentour.com/fr/ha-noib6f4.html]
[hagiangopentour.com/fr/ha-noid055.html]
[hagiangopentour.com/fr/car-for-rentalb6f4.html]
[hagiangopentour.com/fr/car-for-rentald055.html]
[hagiangopentour.com/fr/car-for-rental.html]
[hagiangopentour.com/fr/ha-giang-daily-bus-ticketb6f4.html]
[hagiangopentour.com/fr/ha-giang-daily-bus-ticketd055.html]
[hagiangopentour.com/fr/dat-xeab5e.html]
[hagiangopentour.com/fr/limousine-bus-ha-giang-hanoi.html]
[hagiangopentour.com/fr/ha-giang-cars-motorbike-for-rentb6f4.html]
[hagiangopentour.com/fr/ha-giang-cars-motorbike-for-rentd055.html]
[hagiangopentour.com/fr/upload/images/121111.html]
[hagiangopentour.com/fr/dat-tour7567.html]
[hagiangopentour.com/fr/upload/images/thac-ban-gioc(1).html]
[hagiangopentour.com/fr/dat-tourbce2.html]
[hagiangopentour.com/fr/upload/images/ban-gioc-waterfall-3.html]
[hagiangopentour.com/fr/dat-tour004c.html]
[hagiangopentour.com/fr/upload/images/ba-be.html]
[hagiangopentour.com/fr/dat-tour64d0.html]
[hagiangopentour.com/fr/upload/images/anh-tour-3/z2197647532655-0e41e17407a74671b53fe78a4ac6b917.html]
[hagiangopentour.com/fr/dat-tourab5e.html]
[hagiangopentour.com/fr/upload/images/anh-tour/ban-lo-lo-chai-wecheckin-2.html]
[hagiangopentour.com/fr/dat-tour084d.html]
[hagiangopentour.com/fr/upload/images/anh-tour-3/45d22f9a1f8eeed0b79f.html]
[hagiangopentour.com/fr/dat-tour619c.html]
[hagiangopentour.com/fr/upload/images/anh-tour-3/z2197647457399-e7cd8982dd6a0b8b30c06c2a9b63f27a.html]
[hagiangopentour.com/fr/dat-tour2580.html]
[hagiangopentour.com/fr/upload/images/anh-tour-3/cot-co-lung-cu.html]
[hagiangopentour.com/fr/dat-tour6396.html]
[hagiangopentour.com/fr/upload/images/anh-tour-3/z2197647553360-f2020210de0c87877a3db189570381aa.html]
[hagiangopentour.com/fr/dat-toura916.html]
[hagiangopentour.com/fr/upload/images/anh-tour-3/z2197647059772-092269460cb163dca07b1097229881a6.html]
[hagiangopentour.com/fr/dat-tour98dc.html]
[hagiangopentour.com/fr/upload/images/anh-tour-3/doc-tham-ma-2.html]
[hagiangopentour.com/fr/dat-tour7df0.html]
[hagiangopentour.com/fr/dat-tour011a.html]
[hagiangopentour.com/fr/upload/images/anh-tour/f935f8b6060cc9a237a896af3387b85a.html]
[hagiangopentour.com/fr/dat-tourbb33.html]
[hagiangopentour.com/fr/upload/images/anh-tour-3/nui-doi-co-tien-o-ha-giang.html]
[hagiangopentour.com/fr/dat-tour2fc6.html]
[hagiangopentour.com/fr/upload/images/121.html]
[hagiangopentour.com/fr/dat-tour3221.html]
[hagiangopentour.com/fr/upload/images/ta-van-village.html]
[hagiangopentour.com/fr/dat-tour5aaa.html]
[hagiangopentour.com/fr/dat-tourd625.html]
[hagiangopentour.com/fr/upload/images/anh-tour/sapaaaaaaa.html]
[hagiangopentour.com/fr/dat-tour09c3.html]
[hagiangopentour.com/fr/dat-tour0468.html]
[hagiangopentour.com/fr/upload/images/mua-roi-nuoc.html]
[hagiangopentour.com/fr/dat-tourcd7b.html]
[hagiangopentour.com/fr/upload/images/screen-shot-2023-12-30-at-6.03.31-pm.html]
[hagiangopentour.com/fr/dat-tour7147.html]
[hagiangopentour.com/fr/upload/images/anh-tour-5/tour-phong-nha-ke-bang-tu-ha-noi.html]
[hagiangopentour.com/fr/dat-tour9b05.html]
[hagiangopentour.com/fr/upload/images/20201207155042-cuc2.html]
[hagiangopentour.com/fr/dat-toura6dd.html]
[hagiangopentour.com/fr/upload/images/tour-ba-na-hills-1-ngay-2.html]
[hagiangopentour.com/fr/dat-toura262.html]
[hagiangopentour.com/fr/upload/images/mai-chau-day-tour.html]
[hagiangopentour.com/fr/dat-tour6d44.html]
[hagiangopentour.com/fr/upload/images/duong-lam-cong-lang.html]
[hagiangopentour.com/fr/dat-tour686a.html]
[hagiangopentour.com/fr/upload/images/huong-tich-cave-4-(1).html]
[hagiangopentour.com/fr/dat-tour7e46.html]
[hagiangopentour.com/fr/upload/images/trang-an-scenic-landscape-complex-culture-pham-travel-30.html]
[hagiangopentour.com/fr/dat-tour9bb2.html]
[hagiangopentour.com/fr/upload/images/hang-mua-ninh-binh-1.html]
[hagiangopentour.com/fr/dat-touracbf.html]
[hagiangopentour.com/fr/upload/images/hn3.html]
[hagiangopentour.com/fr/dat-tourd575.html]
[hagiangopentour.com/fr/dat-tour0641.html]
[hagiangopentour.com/fr/upload/images/image(17).html]
[hagiangopentour.com/fr/dat-tour1398.html]
[hagiangopentour.com/fr/upload/images/vietnamcraft1.html]
[hagiangopentour.com/fr/dat-tour2c6d.html]
[hagiangopentour.com/fr/upload/images/4.html]
[hagiangopentour.com/fr/dat-tour9421.html]
[hagiangopentour.com/fr/upload/images/anh-tour/moc-chau.html]
[hagiangopentour.com/fr/dat-tourbc58.html]
[hagiangopentour.com/fr/upload/images/muong-hoa-valley.html]
[hagiangopentour.com/fr/dat-tourd8c4.html]
[hagiangopentour.com/fr/dat-tour0f0e.html]
[hagiangopentour.com/fr/upload/images/hanoi-food/z3850780299349-32265c5f44bbaa1e6280d3625f71f408.html]
[hagiangopentour.com/fr/dat-tour8431.html]
[hagiangopentour.com/fr/upload/images/hanoi-food/z3850780324281-647b3085736fa3438bcc099243c208ef.html]
[hagiangopentour.com/fr/dat-tour76a2.html]
[hagiangopentour.com/fr/upload/images/hanoi-food/32-1.html]
[hagiangopentour.com/fr/dat-tour475d.html]
[hagiangopentour.com/fr/upload/images/hanoi-food/hanoi-street-food-walking-tour-sitting-on-side-walk.html]
[hagiangopentour.com/fr/dat-tour4f62.html]
[hagiangopentour.com/fr/upload/images/video/jeeeeppppppppppp.html]
[hagiangopentour.com/fr/dat-xe98dc.html]
[hagiangopentour.com/fr/upload/images/anh-cho-thue-xe/4.html]
[hagiangopentour.com/fr/dat-xeef73.html]
[hagiangopentour.com/fr/upload/images/anh-cho-thue-xe/cao.html]
[hagiangopentour.com/fr/dat-xed5e8.html]
[hagiangopentour.com/fr/upload/images/anh-cho-thue-xe/4-cho.html]
[hagiangopentour.com/fr/dat-xe6fb5.html]
[hagiangopentour.com/fr/upload/images/anh-cho-thue-xe/7-cho.html]
[hagiangopentour.com/fr/dat-xedac1.html]
[hagiangopentour.com/fr/upload/images/tour-1/xe-16-cho.html]
[hagiangopentour.com/fr/dat-xe8bcf.html]
[hagiangopentour.com/fr/upload/images/anh-cho-thue-xe/29.html]
[hagiangopentour.com/fr/dat-xe95dc.html]
[hagiangopentour.com/fr/upload/images/anh-cho-thue-xe/z2225978720906-c10c36c4baf02b615f52e123d5ff0c62.html]
[hagiangopentour.com/fr/dat-xe1e35.html]
[hagiangopentour.com/fr/upload/images/anh-cho-thue-xe/29-cho.html]
[hagiangopentour.com/fr/dat-xecdef.html]
[hagiangopentour.com/fr/upload/images/anh-cho-thue-xe/xe-giuong-nam.html]
[hagiangopentour.com/fr/dat-xe4411.html]
[hagiangopentour.com/fr/upload/images/anh-cho-thue-xe/ha-giang-epic-limousine.html]
[hagiangopentour.com/fr/dat-xef62c.html]
[hagiangopentour.com/fr/upload/images/anh-cho-thue-xe/xe-cung-dien-bang-han-ha-giang.html]
[hagiangopentour.com/fr/dat-xe7df0.html]
[hagiangopentour.com/fr/upload/images/chinh-sach-bao-mat-thong-tin.html]
[hagiangopentour.com/fr/upload/images/ttttt.html]
[hagiangopentour.com/fr/upload/images/chinh-sach-hoan-huy-tour-ve.html]
[hagiangopentour.com/dat-tour7567.html]
[hagiangopentour.com/dat-tourbce2.html]
[hagiangopentour.com/dat-tour004c.html]
[hagiangopentour.com/dat-tour64d0.html]
[hagiangopentour.com/dat-tourab5e.html]
[hagiangopentour.com/dat-tour084d.html]
[hagiangopentour.com/dat-tour619c.html]
[hagiangopentour.com/dat-tour2580.html]
[hagiangopentour.com/dat-tour6396.html]
[hagiangopentour.com/dat-toura916.html]
[hagiangopentour.com/dat-tour98dc.html]
[hagiangopentour.com/dat-tour7df0.html]
[hagiangopentour.com/dat-tour011a.html]
[hagiangopentour.com/dat-tourbb33.html]
[hagiangopentour.com/dat-tour2fc6.html]
[hagiangopentour.com/dat-tour3221.html]
[hagiangopentour.com/dat-tour5aaa.html]
[hagiangopentour.com/dat-tourd625.html]
[hagiangopentour.com/dat-tour09c3.html]
[hagiangopentour.com/dat-tour0468.html]
[hagiangopentour.com/dat-tourb182.html]
[hagiangopentour.com/dat-tour132f.html]
[hagiangopentour.com/dat-tour4c30.html]
[hagiangopentour.com/dat-tour662f.html]
[hagiangopentour.com/dat-tour294f.html]
[hagiangopentour.com/dat-tourb27c.html]
[hagiangopentour.com/north-vietnam-packages-tour/trang-2b6f4.html]
[hagiangopentour.com/north-vietnam-packages-tour/trang-2d055.html]
[hagiangopentour.com/dat-tourcd7b.html]
[hagiangopentour.com/dat-tour7147.html]
[hagiangopentour.com/dat-tour9b05.html]
[hagiangopentour.com/dat-toura6dd.html]
[hagiangopentour.com/dat-toura262.html]
[hagiangopentour.com/dat-tour6d44.html]
[hagiangopentour.com/dat-tour686a.html]
[hagiangopentour.com/dat-tour7e46.html]
[hagiangopentour.com/dat-tour9bb2.html]
[hagiangopentour.com/dat-touracbf.html]
[hagiangopentour.com/dat-tourd575.html]
[hagiangopentour.com/dat-tour0641.html]
[hagiangopentour.com/dat-tour1398.html]
[hagiangopentour.com/dat-tour2c6d.html]
[hagiangopentour.com/dat-tour9421.html]
[hagiangopentour.com/dat-tourbc58.html]
[hagiangopentour.com/dat-tourd8c4.html]
[hagiangopentour.com/dat-toure27e.html]
[hagiangopentour.com/dat-tour1a6a.html]
[hagiangopentour.com/dat-tour23df.html]
[hagiangopentour.com/dat-tour8431.html]
[hagiangopentour.com/dat-tour76a2.html]
[hagiangopentour.com/dat-tour475d.html]
[hagiangopentour.com/dat-tour4f62.html]
[hagiangopentour.com/dat-tour3ebc.html]
[hagiangopentour.com/dat-tour7d36.html]
[hagiangopentour.com/dat-tour4944.html]
[hagiangopentour.com/dat-tourc17f.html]
[hagiangopentour.com/dat-tourb4cd.html]
[hagiangopentour.com/dat-tour4b61.html]
[hagiangopentour.com/dat-tour97d4.html]
[hagiangopentour.com/dat-tour0d7d.html]
[hagiangopentour.com/dat-tour5cee.html]
[hagiangopentour.com/dat-tour0f0e.html]
[hagiangopentour.com/car-for-rentalb6f4.html]
[hagiangopentour.com/car-for-rentald055.html]
[hagiangopentour.com/dat-xe7df0.html]
[hagiangopentour.com/dat-xeab5e.html]
[hagiangopentour.com/dat-xe4411.html]
[hagiangopentour.com/dat-xef62c.html]
[hagiangopentour.com/dat-xecdef.html]
[hagiangopentour.com/dat-xe1e35.html]
[hagiangopentour.com/dat-xe95dc.html]
[hagiangopentour.com/dat-xe8bcf.html]
[hagiangopentour.com/dat-xedac1.html]
[hagiangopentour.com/dat-xe6fb5.html]
[hagiangopentour.com/dat-xed5e8.html]
[hagiangopentour.com/dat-xeef73.html]
[hagiangopentour.com/dat-xe98dc.html]
[hagiangopentour.com/en/upload/images/hg-dem-den-ly-tuong/3.1.html]
[hagiangopentour.com/en/upload/images/tu-van-mien-phi-ha-giang-opentour.html]
[hagiangopentour.com/en/dat-tourb182.html]
[hagiangopentour.com/en/dat-tour132f.html]
[hagiangopentour.com/en/upload/images/anh-tour-3/c887a4cf94db65853cca.html]
[hagiangopentour.com/en/dat-tour4c30.html]
[hagiangopentour.com/en/upload/images/caravan-hg/f813a2bba366693830772.html]
[hagiangopentour.com/en/dat-tour662f.html]
[hagiangopentour.com/en/dat-tour294f.html]
[hagiangopentour.com/en/upload/images/ruong-bac-thang-ban-phung.html]
[hagiangopentour.com/en/dat-tourb27c.html]
[hagiangopentour.com/en/north-vietnam-packages-tour/trang-2b6f4.html]
[hagiangopentour.com/en/north-vietnam-packages-tour/trang-2d055.html]
[hagiangopentour.com/en/upload/images/sapa-4.html]
[hagiangopentour.com/en/dat-toure27e.html]
[hagiangopentour.com/en/upload/images/giang-ta-chai(1).html]
[hagiangopentour.com/en/dat-tour1a6a.html]
[hagiangopentour.com/en/upload/images/sapa-1.html]
[hagiangopentour.com/en/dat-tour23df.html]
[hagiangopentour.com/en/upload/images/luxury-hoa-lu-mua-cave-tam-coc-1-day-tour-20181013113161.html]
[hagiangopentour.com/en/dat-tour3ebc.html]
[hagiangopentour.com/en/upload/images/ha-long-bay/hl-1-day/z3477079357538-67f1d9a29347f2f2fdb722708ab4baee.html]
[hagiangopentour.com/en/dat-tour7d36.html]
[hagiangopentour.com/en/upload/images/ha-long-bay/2084d0673ab7fae9a3a61.html]
[hagiangopentour.com/en/dat-tour4944.html]
[hagiangopentour.com/en/upload/images/hoa-lu-ancient-capital.html]
[hagiangopentour.com/en/dat-tourc17f.html]
[hagiangopentour.com/en/upload/images/bai-dinh-pagoda-ninh-binh-hoi-an-private-taxi-73.html]
[hagiangopentour.com/en/dat-tourb4cd.html]
[hagiangopentour.com/en/upload/images/luxury-hoa-lu-mua-cave-tam-coc-1-day-tour-201810131127484.html]
[hagiangopentour.com/en/dat-tour4b61.html]
[hagiangopentour.com/en/upload/images/phuot-tam-coc.html]
[hagiangopentour.com/en/dat-tour97d4.html]
[hagiangopentour.com/en/upload/images/bai-dinh-pagoda-1-1680791306-1-.html]
[hagiangopentour.com/en/dat-tour0d7d.html]
[hagiangopentour.com/en/dat-tour5cee.html]
[hagiangopentour.com/en/car-for-rentalb6f4.html]
[hagiangopentour.com/en/car-for-rentald055.html]
[hagiangopentour.com/en/upload/images/ve-xe-limousine-di-ha-giang.html]
[hagiangopentour.com/en/dat-xeab5e.html]
[hagiangopentour.com/fr/upload/images/hg-dem-den-ly-tuong/3.1.html]
[hagiangopentour.com/fr/upload/images/tu-van-mien-phi-ha-giang-opentour.html]
[hagiangopentour.com/fr/dat-tourb182.html]
[hagiangopentour.com/fr/dat-tour132f.html]
[hagiangopentour.com/fr/upload/images/anh-tour-3/c887a4cf94db65853cca.html]
[hagiangopentour.com/fr/dat-tour4c30.html]
[hagiangopentour.com/fr/upload/images/caravan-hg/f813a2bba366693830772.html]
[hagiangopentour.com/fr/dat-tour662f.html]
[hagiangopentour.com/fr/dat-tour294f.html]
[hagiangopentour.com/fr/upload/images/ruong-bac-thang-ban-phung.html]
[hagiangopentour.com/fr/dat-tourb27c.html]
[hagiangopentour.com/fr/north-vietnam-packages-tour/trang-2b6f4.html]
[hagiangopentour.com/fr/north-vietnam-packages-tour/trang-2d055.html]
[hagiangopentour.com/fr/upload/images/sapa-4.html]
[hagiangopentour.com/fr/dat-toure27e.html]
[hagiangopentour.com/fr/upload/images/giang-ta-chai(1).html]
[hagiangopentour.com/fr/dat-tour1a6a.html]
[hagiangopentour.com/fr/upload/images/sapa-1.html]
[hagiangopentour.com/fr/dat-tour23df.html]
[hagiangopentour.com/fr/upload/images/luxury-hoa-lu-mua-cave-tam-coc-1-day-tour-20181013113161.html]
[hagiangopentour.com/fr/dat-tour3ebc.html]
[hagiangopentour.com/fr/upload/images/ha-long-bay/hl-1-day/z3477079357538-67f1d9a29347f2f2fdb722708ab4baee.html]
[hagiangopentour.com/fr/dat-tour7d36.html]
[hagiangopentour.com/fr/upload/images/ha-long-bay/2084d0673ab7fae9a3a61.html]
[hagiangopentour.com/fr/dat-tour4944.html]
[hagiangopentour.com/fr/upload/images/hoa-lu-ancient-capital.html]
[hagiangopentour.com/fr/dat-tourc17f.html]
[hagiangopentour.com/fr/upload/images/bai-dinh-pagoda-ninh-binh-hoi-an-private-taxi-73.html]
[hagiangopentour.com/fr/dat-tourb4cd.html]
[hagiangopentour.com/fr/upload/images/luxury-hoa-lu-mua-cave-tam-coc-1-day-tour-201810131127484.html]
[hagiangopentour.com/fr/dat-tour4b61.html]
[hagiangopentour.com/fr/upload/images/phuot-tam-coc.html]
[hagiangopentour.com/fr/dat-tour97d4.html]
[hagiangopentour.com/fr/upload/images/bai-dinh-pagoda-1-1680791306-1-.html]
[hagiangopentour.com/fr/dat-tour0d7d.html]
[hagiangopentour.com/fr/dat-tour5cee.html]
[hagiangopentour.com/fr/car-for-rentalb6f4.html]
[hagiangopentour.com/fr/car-for-rentald055.html]
[hagiangopentour.com/fr/upload/images/ve-xe-limousine-di-ha-giang.html]
[hagiangopentour.com/fr/dat-xeab5e.html]
[hagiangopentour.com/en/dat-tour-2.html]
